Archive member included to satisfy reference by file (symbol)

c:/mounriver/mounriver_studio2/resources/app/resources/win32/components/wch/toolchain/risc-v embedded gcc/bin/../lib/gcc/riscv-none-embed/8.2.0/rv32imacxw/ilp32\libgcc.a(adddf3.o)
                              ./Drivers/cjson/cJSON.o (__adddf3)
c:/mounriver/mounriver_studio2/resources/app/resources/win32/components/wch/toolchain/risc-v embedded gcc/bin/../lib/gcc/riscv-none-embed/8.2.0/rv32imacxw/ilp32\libgcc.a(divdf3.o)
                              ./Drivers/cjson/cJSON.o (__divdf3)
c:/mounriver/mounriver_studio2/resources/app/resources/win32/components/wch/toolchain/risc-v embedded gcc/bin/../lib/gcc/riscv-none-embed/8.2.0/rv32imacxw/ilp32\libgcc.a(gedf2.o)
                              ./Drivers/cjson/cJSON.o (__gedf2)
c:/mounriver/mounriver_studio2/resources/app/resources/win32/components/wch/toolchain/risc-v embedded gcc/bin/../lib/gcc/riscv-none-embed/8.2.0/rv32imacxw/ilp32\libgcc.a(ledf2.o)
                              ./Drivers/cjson/cJSON.o (__ledf2)
c:/mounriver/mounriver_studio2/resources/app/resources/win32/components/wch/toolchain/risc-v embedded gcc/bin/../lib/gcc/riscv-none-embed/8.2.0/rv32imacxw/ilp32\libgcc.a(muldf3.o)
                              ./Drivers/cjson/cJSON.o (__muldf3)
c:/mounriver/mounriver_studio2/resources/app/resources/win32/components/wch/toolchain/risc-v embedded gcc/bin/../lib/gcc/riscv-none-embed/8.2.0/rv32imacxw/ilp32\libgcc.a(subdf3.o)
                              ./Drivers/cjson/cJSON.o (__subdf3)
c:/mounriver/mounriver_studio2/resources/app/resources/win32/components/wch/toolchain/risc-v embedded gcc/bin/../lib/gcc/riscv-none-embed/8.2.0/rv32imacxw/ilp32\libgcc.a(fixdfsi.o)
                              ./Drivers/cjson/cJSON.o (__fixdfsi)
c:/mounriver/mounriver_studio2/resources/app/resources/win32/components/wch/toolchain/risc-v embedded gcc/bin/../lib/gcc/riscv-none-embed/8.2.0/rv32imacxw/ilp32\libgcc.a(floatsidf.o)
                              ./Drivers/cjson/cJSON.o (__floatsidf)
c:/mounriver/mounriver_studio2/resources/app/resources/win32/components/wch/toolchain/risc-v embedded gcc/bin/../lib/gcc/riscv-none-embed/8.2.0/rv32imacxw/ilp32\libgcc.a(floatunsidf.o)
                              ./Drivers/protocol.o (__floatunsidf)
c:/mounriver/mounriver_studio2/resources/app/resources/win32/components/wch/toolchain/risc-v embedded gcc/bin/../lib/gcc/riscv-none-embed/8.2.0/rv32imacxw/ilp32\libgcc.a(addsf3.o)
                              ./Drivers/pid.o (__addsf3)
c:/mounriver/mounriver_studio2/resources/app/resources/win32/components/wch/toolchain/risc-v embedded gcc/bin/../lib/gcc/riscv-none-embed/8.2.0/rv32imacxw/ilp32\libgcc.a(divsf3.o)
                              ./Drivers/fan.o (__divsf3)
c:/mounriver/mounriver_studio2/resources/app/resources/win32/components/wch/toolchain/risc-v embedded gcc/bin/../lib/gcc/riscv-none-embed/8.2.0/rv32imacxw/ilp32\libgcc.a(gesf2.o)
                              ./Drivers/pid.o (__gtsf2)
c:/mounriver/mounriver_studio2/resources/app/resources/win32/components/wch/toolchain/risc-v embedded gcc/bin/../lib/gcc/riscv-none-embed/8.2.0/rv32imacxw/ilp32\libgcc.a(lesf2.o)
                              ./Drivers/fan.o (__ltsf2)
c:/mounriver/mounriver_studio2/resources/app/resources/win32/components/wch/toolchain/risc-v embedded gcc/bin/../lib/gcc/riscv-none-embed/8.2.0/rv32imacxw/ilp32\libgcc.a(mulsf3.o)
                              ./Drivers/fan.o (__mulsf3)
c:/mounriver/mounriver_studio2/resources/app/resources/win32/components/wch/toolchain/risc-v embedded gcc/bin/../lib/gcc/riscv-none-embed/8.2.0/rv32imacxw/ilp32\libgcc.a(subsf3.o)
                              ./Drivers/pid.o (__subsf3)
c:/mounriver/mounriver_studio2/resources/app/resources/win32/components/wch/toolchain/risc-v embedded gcc/bin/../lib/gcc/riscv-none-embed/8.2.0/rv32imacxw/ilp32\libgcc.a(fixunssfsi.o)
                              ./User/main.o (__fixunssfsi)
c:/mounriver/mounriver_studio2/resources/app/resources/win32/components/wch/toolchain/risc-v embedded gcc/bin/../lib/gcc/riscv-none-embed/8.2.0/rv32imacxw/ilp32\libgcc.a(floatsisf.o)
                              ./Drivers/ina226.o (__floatsisf)
c:/mounriver/mounriver_studio2/resources/app/resources/win32/components/wch/toolchain/risc-v embedded gcc/bin/../lib/gcc/riscv-none-embed/8.2.0/rv32imacxw/ilp32\libgcc.a(floatunsisf.o)
                              ./Drivers/ina226.o (__floatunsisf)
c:/mounriver/mounriver_studio2/resources/app/resources/win32/components/wch/toolchain/risc-v embedded gcc/bin/../lib/gcc/riscv-none-embed/8.2.0/rv32imacxw/ilp32\libgcc.a(extendsfdf2.o)
                              ./User/main.o (__extendsfdf2)
c:/mounriver/mounriver_studio2/resources/app/resources/win32/components/wch/toolchain/risc-v embedded gcc/bin/../lib/gcc/riscv-none-embed/8.2.0/rv32imacxw/ilp32\libgcc.a(truncdfsf2.o)
                              ./Drivers/protocol.o (__truncdfsf2)
[...]
Memory Configuration

Name             Origin             Length             Attributes
FLASH            0x0000000000000000 0x0000000000020000 xr
RAM              0x0000000020000000 0x0000000000008000 xrw
*default*        0x0000000000000000 0xffffffffffffffff

Linker script and memory map

LOAD ./User/ch32v30x_it.o
LOAD ./User/main.o
LOAD ./User/system_ch32v30x.o
LOAD ./Startup/startup_ch32v30x_D8.o
LOAD ./Peripheral/src/ch32v30x_adc.o
LOAD ./Peripheral/src/ch32v30x_bkp.o
LOAD ./Peripheral/src/ch32v30x_can.o
LOAD ./Peripheral/src/ch32v30x_crc.o
LOAD ./Peripheral/src/ch32v30x_dac.o
LOAD ./Peripheral/src/ch32v30x_dbgmcu.o
LOAD ./Peripheral/src/ch32v30x_dma.o
LOAD ./Peripheral/src/ch32v30x_dvp.o
LOAD ./Peripheral/src/ch32v30x_eth.o
LOAD ./Peripheral/src/ch32v30x_exti.o
LOAD ./Peripheral/src/ch32v30x_flash.o
LOAD ./Peripheral/src/ch32v30x_fsmc.o
LOAD ./Peripheral/src/ch32v30x_gpio.o
LOAD ./Peripheral/src/ch32v30x_i2c.o
LOAD ./Peripheral/src/ch32v30x_iwdg.o
LOAD ./Peripheral/src/ch32v30x_misc.o
LOAD ./Peripheral/src/ch32v30x_opa.o
LOAD ./Peripheral/src/ch32v30x_pwr.o
LOAD ./Peripheral/src/ch32v30x_rcc.o
LOAD ./Peripheral/src/ch32v30x_rng.o
LOAD ./Peripheral/src/ch32v30x_rtc.o
LOAD ./Peripheral/src/ch32v30x_sdio.o
LOAD ./Peripheral/src/ch32v30x_spi.o
LOAD ./Peripheral/src/ch32v30x_tim.o
LOAD ./Peripheral/src/ch32v30x_usart.o
LOAD ./Peripheral/src/ch32v30x_wwdg.o
LOAD ./Drivers/cjson/cJSON.o
LOAD ./Drivers/ch32v30x_usbfs_device.o
LOAD ./Drivers/dac8571.o
LOAD ./Drivers/fan.o
LOAD ./Drivers/fault.o
LOAD ./Drivers/i2c_util.o
LOAD ./Drivers/ina226.o
LOAD ./Drivers/pid.o
LOAD ./Drivers/protocol.o
LOAD ./Drivers/temp_sensor.o
LOAD ./Drivers/usb_cdc.o
LOAD ./Drivers/usb_desc.o
LOAD ./Drivers/ws2812.o
LOAD ./Debug/debug.o
LOAD ./Core/core_riscv.o
LOAD c:/mounriver/mounriver_studio2/resources/app/resources/win32/components/wch/toolchain/risc-v embedded gcc/bin/../lib/gcc/riscv-none-embed/8.2.0/../../../../riscv-none-embed/lib/rv32imacxw/ilp32\libm.a
LOAD c:/mounriver/mounriver_studio2/resources/app/resources/win32/components/wch/toolchain/risc-v embedded gcc/bin/../lib/gcc/riscv-none-embed/8.2.0/rv32imacxw/ilp32\libgcc.a
LOAD c:/mounriver/mounriver_studio2/resources/app/resources/win32/components/wch/toolchain/risc-v embedded gcc/bin/../lib/gcc/riscv-none-embed/8.2.0/../../../../riscv-none-embed/lib/rv32imacxw/ilp32\libg_nano.a
LOAD c:/mounriver/mounriver_studio2/resources/app/resources/win32/components/wch/toolchain/risc-v embedded gcc/bin/../lib/gcc/riscv-none-embed/8.2.0/../../../../riscv-none-embed/lib/rv32imacxw/ilp32\libc_nano.a
LOAD c:/mounriver/mounriver_studio2/resources/app/resources/win32/components/wch/toolchain/risc-v embedded gcc/bin/../lib/gcc/riscv-none-embed/8.2.0/rv32imacxw/ilp32\libgcc.a
START GROUP
LOAD c:/mounriver/mounriver_studio2/resources/app/resources/win32/components/wch/toolchain/risc-v embedded gcc/bin/../lib/gcc/riscv-none-embed/8.2.0/rv32imacxw/ilp32\libgcc.a
LOAD c:/mounriver/mounriver_studio2/resources/app/resources/win32/components/wch/toolchain/risc-v embedded gcc/bin/../lib/gcc/riscv-none-embed/8.2.0/../../../../riscv-none-embed/lib/rv32imacxw/ilp32\libc_nano.a
LOAD c:/mounriver/mounriver_studio2/resources/app/resources/win32/components/wch/toolchain/risc-v embedded gcc/bin/../lib/gcc/riscv-none-embed/8.2.0/../../../../riscv-none-embed/lib/rv32imacxw/ilp32\libnosys.a
END GROUP
START GROUP
LOAD c:/mounriver/mounriver_studio2/resources/app/resources/win32/components/wch/toolchain/risc-v embedded gcc/bin/../lib/gcc/riscv-none-embed/8.2.0/rv32imacxw/ilp32\libgcc.a
LOAD c:/mounriver/mounriver_studio2/resources/app/resources/win32/components/wch/toolchain/risc-v embedded gcc/bin/../lib/gcc/riscv-none-embed/8.2.0/../../../../riscv-none-embed/lib/rv32imacxw/ilp32\libc_nano.a
LOAD c:/mounriver/mounriver_studio2/resources/app/resources/win32/components/wch/toolchain/risc-v embedded gcc/bin/../lib/gcc/riscv-none-embed/8.2.0/../../../../riscv-none-embed/lib/rv32imacxw/ilp32\libnosys.a
END GROUP
                0x0000000000000800                __stack_size = 0x800
                [!provide]                        PROVIDE (_stack_size = __stack_size)

.init           0x0000000000000000        0x4
                0x0000000000000000                _sinit = .
                0x0000000000000000                . = ALIGN (0x4)
 *(SORT_NONE(.init))
 .init          0x0000000000000000        0x4 ./Startup/startup_ch32v30x_D8.o
                0x0000000000000000                _start
                0x0000000000000004                . = ALIGN (0x4)
                0x0000000000000004                _einit = .

.vector         0x0000000000000004      0x1bc
 *(.vector)
 .vector        0x0000000000000004      0x1a0 ./Startup/startup_ch32v30x_D8.o
                0x00000000000001c0                . = ALIGN (0x40)
 *fill*         0x00000000000001a4       0x1c 

.text           0x00000000000001c0     0x31c0
                0x00000000000001c0                . = ALIGN (0x4)
 *(.text)
 .text          0x00000000000001c0       0x60 c:/mounriver/mounriver_studio2/resources/app/resources/win32/components/wch/toolchain/risc-v embedded gcc/bin/../lib/gcc/riscv-none-embed/8.2.0/rv32imacxw/ilp32\libgcc.a(save-restore.o)
                0x00000000000001c0                __riscv_save_12
                0x00000000000001c8                __riscv_save_9
                0x00000000000001c8                __riscv_save_11
                0x00000000000001c8                __riscv_save_10
                0x00000000000001c8                __riscv_save_8
                0x00000000000001d6                __riscv_save_4
                0x00000000000001d6                __riscv_save_6
                0x00000000000001d6                __riscv_save_5
                0x00000000000001d6                __riscv_save_7
                0x00000000000001f0                __riscv_save_3
                0x00000000000001f0                __riscv_save_2
                0x00000000000001f0                __riscv_save_1
                0x00000000000001f0                __riscv_save_0
                0x00000000000001fc                __riscv_restore_12
                0x0000000000000200                __riscv_restore_11
                0x0000000000000200                __riscv_restore_9
                0x0000000000000200                __riscv_restore_10
                0x0000000000000200                __riscv_restore_8
                0x000000000000020a                __riscv_restore_5
                0x000000000000020a                __riscv_restore_7
                0x000000000000020a                __riscv_restore_6
                0x000000000000020a                __riscv_restore_4
                0x0000000000000214                __riscv_restore_3
                0x0000000000000214                __riscv_restore_0
                0x0000000000000214                __riscv_restore_2
                0x0000000000000214                __riscv_restore_1
 .text          0x0000000000000220       0xa8 c:/mounriver/mounriver_studio2/resources/app/resources/win32/components/wch/toolchain/risc-v embedded gcc/bin/../lib/gcc/riscv-none-embed/8.2.0/../../../../riscv-none-embed/lib/rv32imacxw/ilp32\libg_nano.a(lib_a-memset.o)
                0x0000000000000220                memset
 *(.text.*)
 .text.NMI_Handler
                0x00000000000002c8        0x2 ./User/ch32v30x_it.o
                0x00000000000002c8                NMI_Handler
 .text.HardFault_Handler
                0x00000000000002ca       0x10 ./User/ch32v30x_it.o
                0x00000000000002ca                HardFault_Handler
 .text.EXTI4_IRQHandler
                0x00000000000002da       0xae ./User/ch32v30x_it.o
                0x00000000000002da                EXTI4_IRQHandler
 .text.USART2_IRQHandler
                0x0000000000000388       0xc8 ./User/ch32v30x_it.o
                0x0000000000000388                USART2_IRQHandler
 .text.DMA1_Channel5_IRQHandler
                0x0000000000000450       0x2c ./User/ch32v30x_it.o
                0x0000000000000450                DMA1_Channel5_IRQHandler
 .text.TIM3_IRQHandler
                0x000000000000047c       0x4e ./User/ch32v30x_it.o
                0x000000000000047c                TIM3_IRQHandler
 .text.startup.main
                0x00000000000004ca       0xf0 ./User/main.o
                0x00000000000004ca                main
 .text.SystemInit
                0x00000000000005ba       0xea ./User/system_ch32v30x.o
                0x00000000000005ba                SystemInit
 .text.SystemCoreClockUpdate
                0x00000000000006a4       0x92 ./User/system_ch32v30x.o
                0x00000000000006a4                SystemCoreClockUpdate
 .text.vector_handler
                0x0000000000000736        0x2 ./Startup/startup_ch32v30x_D8.o
                0x0000000000000736                EXTI2_IRQHandler
                0x0000000000000736                TIM8_TRG_COM_IRQHandler
                0x0000000000000736                TIM8_CC_IRQHandler
                0x0000000000000736                UART8_IRQHandler
                0x0000000000000736                TIM1_CC_IRQHandler
                0x0000000000000736                TIM6_IRQHandler
                0x0000000000000736                SysTick_Handler
                0x0000000000000736                PVD_IRQHandler
                0x0000000000000736                SDIO_IRQHandler
                0x0000000000000736                TIM9_BRK_IRQHandler
                0x0000000000000736                DMA2_Channel8_IRQHandler
                0x0000000000000736                EXTI3_IRQHandler
                0x0000000000000736                DMA2_Channel9_IRQHandler
                0x0000000000000736                TIM10_CC_IRQHandler
                0x0000000000000736                EXTI0_IRQHandler
                0x0000000000000736                I2C2_EV_IRQHandler
                0x0000000000000736                TIM10_TRG_COM_IRQHandler
                0x0000000000000736                ADC1_2_IRQHandler
                0x0000000000000736                Break_Point_Handler
                0x0000000000000736                SPI1_IRQHandler
                0x0000000000000736                TAMPER_IRQHandler
                0x0000000000000736                TIM8_UP_IRQHandler
                0x0000000000000736                Ecall_M_Mode_Handler
                0x0000000000000736                DMA2_Channel2_IRQHandler
                0x0000000000000736                DMA1_Channel4_IRQHandler
                0x0000000000000736                TIM9_UP_IRQHandler
                0x0000000000000736                USART3_IRQHandler
                0x0000000000000736                RTC_IRQHandler
                0x0000000000000736                DMA1_Channel7_IRQHandler
                0x0000000000000736                CAN1_RX1_IRQHandler
                0x0000000000000736                UART5_IRQHandler
                0x0000000000000736                TIM4_IRQHandler
                0x0000000000000736                DMA2_Channel1_IRQHandler
                0x0000000000000736                I2C1_EV_IRQHandler
                0x0000000000000736                DMA1_Channel6_IRQHandler
                0x0000000000000736                UART4_IRQHandler
                0x0000000000000736                DMA2_Channel4_IRQHandler
                0x0000000000000736                RCC_IRQHandler
                0x0000000000000736                TIM1_TRG_COM_IRQHandler
                0x0000000000000736                DMA1_Channel1_IRQHandler
                0x0000000000000736                DMA2_Channel7_IRQHandler
                0x0000000000000736                EXTI15_10_IRQHandler
                0x0000000000000736                TIM7_IRQHandler
                0x0000000000000736                TIM5_IRQHandler
                0x0000000000000736                EXTI9_5_IRQHandler
                0x0000000000000736                SPI2_IRQHandler
                0x0000000000000736                TIM10_BRK_IRQHandler
                0x0000000000000736                TIM9_CC_IRQHandler
                0x0000000000000736                DMA2_Channel5_IRQHandler
                0x0000000000000736                USB_LP_CAN1_RX0_IRQHandler
                0x0000000000000736                RNG_IRQHandler
                0x0000000000000736                USB_HP_CAN1_TX_IRQHandler
                0x0000000000000736                DMA1_Channel3_IRQHandler
                0x0000000000000736                TIM1_UP_IRQHandler
                0x0000000000000736                WWDG_IRQHandler
                0x0000000000000736                DMA2_Channel11_IRQHandler
                0x0000000000000736                Ecall_U_Mode_Handler
                0x0000000000000736                DMA2_Channel6_IRQHandler
                0x0000000000000736                TIM2_IRQHandler
                0x0000000000000736                SW_Handler
                0x0000000000000736                TIM1_BRK_IRQHandler
                0x0000000000000736                DMA2_Channel10_IRQHandler
                0x0000000000000736                EXTI1_IRQHandler
                0x0000000000000736                RTCAlarm_IRQHandler
                0x0000000000000736                TIM10_UP_IRQHandler
                0x0000000000000736                TIM9_TRG_COM_IRQHandler
                0x0000000000000736                UART7_IRQHandler
                0x0000000000000736                UART6_IRQHandler
                0x0000000000000736                I2C2_ER_IRQHandler
                0x0000000000000736                DMA1_Channel2_IRQHandler
                0x0000000000000736                TIM8_BRK_IRQHandler
                0x0000000000000736                CAN1_SCE_IRQHandler
                0x0000000000000736                FLASH_IRQHandler
                0x0000000000000736                USART1_IRQHandler
                0x0000000000000736                SPI3_IRQHandler
                0x0000000000000736                I2C1_ER_IRQHandler
                0x0000000000000736                DMA2_Channel3_IRQHandler
 .text.handle_reset
                0x0000000000000738       0x8e ./Startup/startup_ch32v30x_D8.o
                0x0000000000000738                handle_reset
 .text.DBGMCU_GetCHIPID
                0x00000000000007c6        0xa ./Peripheral/src/ch32v30x_dbgmcu.o
                0x00000000000007c6                DBGMCU_GetCHIPID
 .text.DMA_Cmd  0x00000000000007d0       0x14 ./Peripheral/src/ch32v30x_dma.o
                0x00000000000007d0                DMA_Cmd
 .text.DMA_GetFlagStatus
                0x00000000000007e4       0x32 ./Peripheral/src/ch32v30x_dma.o
                0x00000000000007e4                DMA_GetFlagStatus
 .text.DMA_ClearFlag
                0x0000000000000816       0x2c ./Peripheral/src/ch32v30x_dma.o
                0x0000000000000816                DMA_ClearFlag
 .text.DMA_GetITStatus
                0x0000000000000842        0x8 ./Peripheral/src/ch32v30x_dma.o
                0x0000000000000842                DMA_GetITStatus
 .text.DMA_ClearITPendingBit
                0x000000000000084a        0x8 ./Peripheral/src/ch32v30x_dma.o
                0x000000000000084a                DMA_ClearITPendingBit
 .text.EXTI_Init
                0x0000000000000852       0x6a ./Peripheral/src/ch32v30x_exti.o
                0x0000000000000852                EXTI_Init
 .text.EXTI_ClearITPendingBit
                0x00000000000008bc        0xa ./Peripheral/src/ch32v30x_exti.o
                0x00000000000008bc                EXTI_ClearITPendingBit
 .text.GPIO_Init
                0x00000000000008c6       0xc0 ./Peripheral/src/ch32v30x_gpio.o
                0x00000000000008c6                GPIO_Init
 .text.GPIO_ReadInputDataBit
                0x0000000000000986        0xa ./Peripheral/src/ch32v30x_gpio.o
                0x0000000000000986                GPIO_ReadInputDataBit
 .text.GPIO_WriteBit
                0x0000000000000990        0xa ./Peripheral/src/ch32v30x_gpio.o
                0x0000000000000990                GPIO_WriteBit
 .text.GPIO_EXTILineConfig
                0x000000000000099a       0x2c ./Peripheral/src/ch32v30x_gpio.o
                0x000000000000099a                GPIO_EXTILineConfig
 .text.I2C_Init
                0x00000000000009c6       0xfe ./Peripheral/src/ch32v30x_i2c.o
                0x00000000000009c6                I2C_Init
 .text.I2C_Cmd  0x0000000000000ac4       0x18 ./Peripheral/src/ch32v30x_i2c.o
                0x0000000000000ac4                I2C_Cmd
 .text.I2C_GenerateSTART
                0x0000000000000adc       0x1a ./Peripheral/src/ch32v30x_i2c.o
                0x0000000000000adc                I2C_GenerateSTART
 .text.I2C_GenerateSTOP
                0x0000000000000af6       0x1a ./Peripheral/src/ch32v30x_i2c.o
                0x0000000000000af6                I2C_GenerateSTOP
 .text.I2C_AcknowledgeConfig
                0x0000000000000b10       0x1a ./Peripheral/src/ch32v30x_i2c.o
                0x0000000000000b10                I2C_AcknowledgeConfig
 .text.I2C_SendData
                0x0000000000000b2a        0x4 ./Peripheral/src/ch32v30x_i2c.o
                0x0000000000000b2a                I2C_SendData
 .text.I2C_ReceiveData
                0x0000000000000b2e        0x8 ./Peripheral/src/ch32v30x_i2c.o
                0x0000000000000b2e                I2C_ReceiveData
 .text.I2C_Send7bitAddress
                0x0000000000000b36       0x12 ./Peripheral/src/ch32v30x_i2c.o
                0x0000000000000b36                I2C_Send7bitAddress
 .text.I2C_CheckEvent
                0x0000000000000b48       0x16 ./Peripheral/src/ch32v30x_i2c.o
                0x0000000000000b48                I2C_CheckEvent
 .text.I2C_GetFlagStatus
                0x0000000000000b5e       0x32 ./Peripheral/src/ch32v30x_i2c.o
                0x0000000000000b5e                I2C_GetFlagStatus
 .text.I2C_ClearFlag
                0x0000000000000b90        0xc ./Peripheral/src/ch32v30x_i2c.o
                0x0000000000000b90                I2C_ClearFlag
 .text.NVIC_PriorityGroupConfig
                0x0000000000000b9c        0x6 ./Peripheral/src/ch32v30x_misc.o
                0x0000000000000b9c                NVIC_PriorityGroupConfig
 .text.RCC_GetClocksFreq
                0x0000000000000ba2      0x106 ./Peripheral/src/ch32v30x_rcc.o
                0x0000000000000ba2                RCC_GetClocksFreq
 .text.RCC_AHBPeriphClockCmd
                0x0000000000000ca8       0x1e ./Peripheral/src/ch32v30x_rcc.o
                0x0000000000000ca8                RCC_AHBPeriphClockCmd
 .text.RCC_APB2PeriphClockCmd
                0x0000000000000cc6       0x1e ./Peripheral/src/ch32v30x_rcc.o
                0x0000000000000cc6                RCC_APB2PeriphClockCmd
 .text.RCC_APB1PeriphClockCmd
                0x0000000000000ce4       0x1e ./Peripheral/src/ch32v30x_rcc.o
                0x0000000000000ce4                RCC_APB1PeriphClockCmd
 .text.RCC_USBFSCLKConfig
                0x0000000000000d02       0x1a ./Peripheral/src/ch32v30x_rcc.o
                0x0000000000000d02                RCC_USBFSCLKConfig
 .text.TIM_Cmd  0x0000000000000d1c       0x18 ./Peripheral/src/ch32v30x_tim.o
                0x0000000000000d1c                TIM_Cmd
 .text.TIM_GetCapture2
                0x0000000000000d34        0x4 ./Peripheral/src/ch32v30x_tim.o
                0x0000000000000d34                TIM_GetCapture2
 .text.TIM_GetITStatus
                0x0000000000000d38       0x18 ./Peripheral/src/ch32v30x_tim.o
                0x0000000000000d38                TIM_GetITStatus
 .text.TIM_ClearITPendingBit
                0x0000000000000d50        0xc ./Peripheral/src/ch32v30x_tim.o
                0x0000000000000d50                TIM_ClearITPendingBit
 .text.USART_Init
                0x0000000000000d5c       0x8e ./Peripheral/src/ch32v30x_usart.o
                0x0000000000000d5c                USART_Init
 .text.USART_Cmd
                0x0000000000000dea       0x16 ./Peripheral/src/ch32v30x_usart.o
                0x0000000000000dea                USART_Cmd
 .text.USART_ITConfig
                0x0000000000000e00       0x36 ./Peripheral/src/ch32v30x_usart.o
                0x0000000000000e00                USART_ITConfig
 .text.USART_SendData
                0x0000000000000e36        0x8 ./Peripheral/src/ch32v30x_usart.o
                0x0000000000000e36                USART_SendData
 .text.USART_ReceiveData
                0x0000000000000e3e        0x8 ./Peripheral/src/ch32v30x_usart.o
                0x0000000000000e3e                USART_ReceiveData
 .text.USART_GetFlagStatus
                0x0000000000000e46        0xa ./Peripheral/src/ch32v30x_usart.o
                0x0000000000000e46                USART_GetFlagStatus
 .text.USART_ClearFlag
                0x0000000000000e50        0xc ./Peripheral/src/ch32v30x_usart.o
                0x0000000000000e50                USART_ClearFlag
 .text.cJSON_InitHooks
                0x0000000000000e5c       0x10 ./Drivers/cjson/cJSON.o
                0x0000000000000e5c                cJSON_InitHooks
 .text.USBFS_RCC_Init
                0x0000000000000e6c       0x42 ./Drivers/ch32v30x_usbfs_device.o
                0x0000000000000e6c                USBFS_RCC_Init
 .text.USBFS_Device_Endp_Init
                0x0000000000000eae       0x6c ./Drivers/ch32v30x_usbfs_device.o
                0x0000000000000eae                USBFS_Device_Endp_Init
 .text.USBFS_Device_Init
                0x0000000000000f1a       0x56 ./Drivers/ch32v30x_usbfs_device.o
                0x0000000000000f1a                USBFS_Device_Init
 .text.USBFS_IRQHandler
                0x0000000000000f70      0x5e2 ./Drivers/ch32v30x_usbfs_device.o
                0x0000000000000f70                USBFS_IRQHandler
 .text.dac8571_set_output
                0x0000000000001552       0x24 ./Drivers/dac8571.o
                0x0000000000001552                dac8571_set_output
 .text.i2c_timeout_start
                0x0000000000001576       0x3c ./Drivers/i2c_util.o
 .text.i2c_timeout_stop
                0x00000000000015b2       0x14 ./Drivers/i2c_util.o
 .text.i2c_wait_event
                0x00000000000015c6       0xb8 ./Drivers/i2c_util.o
 .text.i2c_write_once
                0x000000000000167e       0xa2 ./Drivers/i2c_util.o
 .text.i2c_wait_rxne
                0x0000000000001720       0x6a ./Drivers/i2c_util.o
 .text.i2c_read_once
                0x000000000000178a      0x12a ./Drivers/i2c_util.o
 .text.i2c_util_init
                0x00000000000018b4       0x8c ./Drivers/i2c_util.o
                0x00000000000018b4                i2c_util_init
 .text.i2c_util_bus_recovery
                0x0000000000001940       0xf0 ./Drivers/i2c_util.o
                0x0000000000001940                i2c_util_bus_recovery
 .text.i2c_util_write
                0x0000000000001a30       0x66 ./Drivers/i2c_util.o
                0x0000000000001a30                i2c_util_write
 .text.i2c_util_read
                0x0000000000001a96       0x6c ./Drivers/i2c_util.o
                0x0000000000001a96                i2c_util_read
 .text.ina226_check_alert
                0x0000000000001b02       0x26 ./Drivers/ina226.o
                0x0000000000001b02                ina226_check_alert
 .text.cjson_arena_alloc
                0x0000000000001b28       0x22 ./Drivers/protocol.o
 .text.cjson_arena_free
                0x0000000000001b4a        0x2 ./Drivers/protocol.o
 .text.protocol_init
                0x0000000000001b4c       0xec ./Drivers/protocol.o
                0x0000000000001b4c                protocol_init
 .text.usb_cdc_init
                0x0000000000001c38       0x1c ./Drivers/usb_cdc.o
                0x0000000000001c38                usb_cdc_init
 .text.Delay_Init
                0x0000000000001c54       0x2a ./Debug/debug.o
                0x0000000000001c54                Delay_Init
 .text.Delay_Us
                0x0000000000001c7e       0x36 ./Debug/debug.o
                0x0000000000001c7e                Delay_Us
 .text.USART_Printf_Init
                0x0000000000001cb4       0x5a ./Debug/debug.o
                0x0000000000001cb4                USART_Printf_Init
 .text._write   0x0000000000001d0e       0x3e ./Debug/debug.o
                0x0000000000001d0e                _write
 .text._sbrk    0x0000000000001d4c       0x2a ./Debug/debug.o
                0x0000000000001d4c                _sbrk
 .text.malloc   0x0000000000001d76        0xa c:/mounriver/mounriver_studio2/resources/app/resources/win32/components/wch/toolchain/risc-v embedded gcc/bin/../lib/gcc/riscv-none-embed/8.2.0/../../../../riscv-none-embed/lib/rv32imacxw/ilp32\libg_nano.a(lib_a-malloc.o)
                0x0000000000001d76                malloc
 .text.free     0x0000000000001d80        0xa c:/mounriver/mounriver_studio2/resources/app/resources/win32/components/wch/toolchain/risc-v embedded gcc/bin/../lib/gcc/riscv-none-embed/8.2.0/../../../../riscv-none-embed/lib/rv32imacxw/ilp32\libg_nano.a(lib_a-malloc.o)
                0x0000000000001d80                free
 .text.memcpy   0x0000000000001d8a       0xb2 c:/mounriver/mounriver_studio2/resources/app/resources/win32/components/wch/toolchain/risc-v embedded gcc/bin/../lib/gcc/riscv-none-embed/8.2.0/../../../../riscv-none-embed/lib/rv32imacxw/ilp32\libg_nano.a(lib_a-memcpy.o)
                0x0000000000001d8a                memcpy
 .text._free_r  0x0000000000001e3c       0xa8 c:/mounriver/mounriver_studio2/resources/app/resources/win32/components/wch/toolchain/risc-v embedded gcc/bin/../lib/gcc/riscv-none-embed/8.2.0/../../../../riscv-none-embed/lib/rv32imacxw/ilp32\libg_nano.a(lib_a-nano-freer.o)
                0x0000000000001e3c                _free_r
 .text._malloc_r
                0x0000000000001ee4       0xd4 c:/mounriver/mounriver_studio2/resources/app/resources/win32/components/wch/toolchain/risc-v embedded gcc/bin/../lib/gcc/riscv-none-embed/8.2.0/../../../../riscv-none-embed/lib/rv32imacxw/ilp32\libg_nano.a(lib_a-nano-mallocr.o)
                0x0000000000001ee4                _malloc_r
 .text.printf   0x0000000000001fb8       0x40 c:/mounriver/mounriver_studio2/resources/app/resources/win32/components/wch/toolchain/risc-v embedded gcc/bin/../lib/gcc/riscv-none-embed/8.2.0/../../../../riscv-none-embed/lib/rv32imacxw/ilp32\libg_nano.a(lib_a-printf.o)
                0x0000000000001fb8                iprintf
                0x0000000000001fb8                printf
 .text._puts_r  0x0000000000001ff8       0xd4 c:/mounriver/mounriver_studio2/resources/app/resources/win32/components/wch/toolchain/risc-v embedded gcc/bin/../lib/gcc/riscv-none-embed/8.2.0/../../../../riscv-none-embed/lib/rv32imacxw/ilp32\libg_nano.a(lib_a-puts.o)
                0x0000000000001ff8                _puts_r
 .text.puts     0x00000000000020cc        0xa c:/mounriver/mounriver_studio2/resources/app/resources/win32/components/wch/toolchain/risc-v embedded gcc/bin/../lib/gcc/riscv-none-embed/8.2.0/../../../../riscv-none-embed/lib/rv32imacxw/ilp32\libg_nano.a(lib_a-puts.o)
                0x00000000000020cc                puts
 .text._sbrk_r  0x00000000000020d6       0x32 c:/mounriver/mounriver_studio2/resources/app/resources/win32/components/wch/toolchain/risc-v embedded gcc/bin/../lib/gcc/riscv-none-embed/8.2.0/../../../../riscv-none-embed/lib/rv32imacxw/ilp32\libg_nano.a(lib_a-sbrkr.o)
                0x00000000000020d6                _sbrk_r
 .text.__swbuf_r
                0x0000000000002108       0xbc c:/mounriver/mounriver_studio2/resources/app/resources/win32/components/wch/toolchain/risc-v embedded gcc/bin/../lib/gcc/riscv-none-embed/8.2.0/../../../../riscv-none-embed/lib/rv32imacxw/ilp32\libg_nano.a(lib_a-wbuf.o)
                0x0000000000002108                __swbuf_r
 .text.__swsetup_r
                0x00000000000021c4       0xfe c:/mounriver/mounriver_studio2/resources/app/resources/win32/components/wch/toolchain/risc-v embedded gcc/bin/../lib/gcc/riscv-none-embed/8.2.0/../../../../riscv-none-embed/lib/rv32imacxw/ilp32\libg_nano.a(lib_a-wsetup.o)
                0x00000000000021c4                __swsetup_r
 .text.__sflush_r
                0x00000000000022c2      0x132 c:/mounriver/mounriver_studio2/resources/app/resources/win32/components/wch/toolchain/risc-v embedded gcc/bin/../lib/gcc/riscv-none-embed/8.2.0/../../../../riscv-none-embed/lib/rv32imacxw/ilp32\libg_nano.a(lib_a-fflush.o)
                0x00000000000022c2                __sflush_r
 .text._fflush_r
                0x00000000000023f4       0x64 c:/mounriver/mounriver_studio2/resources/app/resources/win32/components/wch/toolchain/risc-v embedded gcc/bin/../lib/gcc/riscv-none-embed/8.2.0/../../../../riscv-none-embed/lib/rv32imacxw/ilp32\libg_nano.a(lib_a-fflush.o)
                0x00000000000023f4                _fflush_r
 .text.std      0x0000000000002458       0x66 c:/mounriver/mounriver_studio2/resources/app/resources/win32/components/wch/toolchain/risc-v embedded gcc/bin/../lib/gcc/riscv-none-embed/8.2.0/../../../../riscv-none-embed/lib/rv32imacxw/ilp32\libg_nano.a(lib_a-findfp.o)
 .text._cleanup_r
                0x00000000000024be        0xa c:/mounriver/mounriver_studio2/resources/app/resources/win32/components/wch/toolchain/risc-v embedded gcc/bin/../lib/gcc/riscv-none-embed/8.2.0/../../../../riscv-none-embed/lib/rv32imacxw/ilp32\libg_nano.a(lib_a-findfp.o)
                0x00000000000024be                _cleanup_r
 .text.__sfmoreglue
                0x00000000000024c8       0x48 c:/mounriver/mounriver_studio2/resources/app/resources/win32/components/wch/toolchain/risc-v embedded gcc/bin/../lib/gcc/riscv-none-embed/8.2.0/../../../../riscv-none-embed/lib/rv32imacxw/ilp32\libg_nano.a(lib_a-findfp.o)
                0x00000000000024c8                __sfmoreglue
 .text.__sinit  0x0000000000002510       0x66 c:/mounriver/mounriver_studio2/resources/app/resources/win32/components/wch/toolchain/risc-v embedded gcc/bin/../lib/gcc/riscv-none-embed/8.2.0/../../../../riscv-none-embed/lib/rv32imacxw/ilp32\libg_nano.a(lib_a-findfp.o)
                0x0000000000002510                __sinit
 .text.__sfp    0x0000000000002576       0x9c c:/mounriver/mounriver_studio2/resources/app/resources/win32/components/wch/toolchain/risc-v embedded gcc/bin/../lib/gcc/riscv-none-embed/8.2.0/../../../../riscv-none-embed/lib/rv32imacxw/ilp32\libg_nano.a(lib_a-findfp.o)
                0x0000000000002576                __sfp
 .text._fwalk_reent
                0x0000000000002612       0x6a c:/mounriver/mounriver_studio2/resources/app/resources/win32/components/wch/toolchain/risc-v embedded gcc/bin/../lib/gcc/riscv-none-embed/8.2.0/../../../../riscv-none-embed/lib/rv32imacxw/ilp32\libg_nano.a(lib_a-fwalk.o)
                0x0000000000002612                _fwalk_reent
 .text.__swhatbuf_r
                0x000000000000267c       0x58 c:/mounriver/mounriver_studio2/resources/app/resources/win32/components/wch/toolchain/risc-v embedded gcc/bin/../lib/gcc/riscv-none-embed/8.2.0/../../../../riscv-none-embed/lib/rv32imacxw/ilp32\libg_nano.a(lib_a-makebuf.o)
                0x000000000000267c                __swhatbuf_r
 .text.__smakebuf_r
                0x00000000000026d4       0x92 c:/mounriver/mounriver_studio2/resources/app/resources/win32/components/wch/toolchain/risc-v embedded gcc/bin/../lib/gcc/riscv-none-embed/8.2.0/../../../../riscv-none-embed/lib/rv32imacxw/ilp32\libg_nano.a(lib_a-makebuf.o)
                0x00000000000026d4                __smakebuf_r
 .text.__malloc_lock
                0x0000000000002766        0x2 c:/mounriver/mounriver_studio2/resources/app/resources/win32/components/wch/toolchain/risc-v embedded gcc/bin/../lib/gcc/riscv-none-embed/8.2.0/../../../../riscv-none-embed/lib/rv32imacxw/ilp32\libg_nano.a(lib_a-mlock.o)
                0x0000000000002766                __malloc_lock
 .text.__malloc_unlock
                0x0000000000002768        0x2 c:/mounriver/mounriver_studio2/resources/app/resources/win32/components/wch/toolchain/risc-v embedded gcc/bin/../lib/gcc/riscv-none-embed/8.2.0/../../../../riscv-none-embed/lib/rv32imacxw/ilp32\libg_nano.a(lib_a-mlock.o)
                0x0000000000002768                __malloc_unlock
 .text.__sfputc_r
                0x000000000000276a       0x28 c:/mounriver/mounriver_studio2/resources/app/resources/win32/components/wch/toolchain/risc-v embedded gcc/bin/../lib/gcc/riscv-none-embed/8.2.0/../../../../riscv-none-embed/lib/rv32imacxw/ilp32\libg_nano.a(lib_a-nano-vfprintf.o)
 .text.__sfputs_r
                0x0000000000002792       0x40 c:/mounriver/mounriver_studio2/resources/app/resources/win32/components/wch/toolchain/risc-v embedded gcc/bin/../lib/gcc/riscv-none-embed/8.2.0/../../../../riscv-none-embed/lib/rv32imacxw/ilp32\libg_nano.a(lib_a-nano-vfprintf.o)
                0x0000000000002792                __sfputs_r
 .text._vfprintf_r
                0x00000000000027d2      0x286 c:/mounriver/mounriver_studio2/resources/app/resources/win32/components/wch/toolchain/risc-v embedded gcc/bin/../lib/gcc/riscv-none-embed/8.2.0/../../../../riscv-none-embed/lib/rv32imacxw/ilp32\libg_nano.a(lib_a-nano-vfprintf.o)
                0x00000000000027d2                _vfprintf_r
                0x00000000000027d2                _vfiprintf_r
 .text._printf_common
                0x0000000000002a58      0x10c c:/mounriver/mounriver_studio2/resources/app/resources/win32/components/wch/toolchain/risc-v embedded gcc/bin/../lib/gcc/riscv-none-embed/8.2.0/../../../../riscv-none-embed/lib/rv32imacxw/ilp32\libg_nano.a(lib_a-nano-vfprintf_i.o)
                0x0000000000002a58                _printf_common
 .text._printf_i
                0x0000000000002b64      0x2a2 c:/mounriver/mounriver_studio2/resources/app/resources/win32/components/wch/toolchain/risc-v embedded gcc/bin/../lib/gcc/riscv-none-embed/8.2.0/../../../../riscv-none-embed/lib/rv32imacxw/ilp32\libg_nano.a(lib_a-nano-vfprintf_i.o)
                0x0000000000002b64                _printf_i
 .text.__sread  0x0000000000002e06       0x2c c:/mounriver/mounriver_studio2/resources/app/resources/win32/components/wch/toolchain/risc-v embedded gcc/bin/../lib/gcc/riscv-none-embed/8.2.0/../../../../riscv-none-embed/lib/rv32imacxw/ilp32\libg_nano.a(lib_a-stdio.o)
                0x0000000000002e06                __sread
 .text.__swrite
                0x0000000000002e32       0x48 c:/mounriver/mounriver_studio2/resources/app/resources/win32/components/wch/toolchain/risc-v embedded gcc/bin/../lib/gcc/riscv-none-embed/8.2.0/../../../../riscv-none-embed/lib/rv32imacxw/ilp32\libg_nano.a(lib_a-stdio.o)
                0x0000000000002e32                __swrite
 .text.__sseek  0x0000000000002e7a       0x30 c:/mounriver/mounriver_studio2/resources/app/resources/win32/components/wch/toolchain/risc-v embedded gcc/bin/../lib/gcc/riscv-none-embed/8.2.0/../../../../riscv-none-embed/lib/rv32imacxw/ilp32\libg_nano.a(lib_a-stdio.o)
                0x0000000000002e7a                __sseek
 .text.__sclose
                0x0000000000002eaa        0x6 c:/mounriver/mounriver_studio2/resources/app/resources/win32/components/wch/toolchain/risc-v embedded gcc/bin/../lib/gcc/riscv-none-embed/8.2.0/../../../../riscv-none-embed/lib/rv32imacxw/ilp32\libg_nano.a(lib_a-stdio.o)
                0x0000000000002eaa                __sclose
 .text._write_r
                0x0000000000002eb0       0x36 c:/mounriver/mounriver_studio2/resources/app/resources/win32/components/wch/toolchain/risc-v embedded gcc/bin/../lib/gcc/riscv-none-embed/8.2.0/../../../../riscv-none-embed/lib/rv32imacxw/ilp32\libg_nano.a(lib_a-writer.o)
                0x0000000000002eb0                _write_r
 .text._close_r
                0x0000000000002ee6       0x30 c:/mounriver/mounriver_studio2/resources/app/resources/win32/components/wch/toolchain/risc-v embedded gcc/bin/../lib/gcc/riscv-none-embed/8.2.0/../../../../riscv-none-embed/lib/rv32imacxw/ilp32\libg_nano.a(lib_a-closer.o)
                0x0000000000002ee6                _close_r
 .text._fstat_r
                0x0000000000002f16       0x32 c:/mounriver/mounriver_studio2/resources/app/resources/win32/components/wch/toolchain/risc-v embedded gcc/bin/../lib/gcc/riscv-none-embed/8.2.0/../../../../riscv-none-embed/lib/rv32imacxw/ilp32\libg_nano.a(lib_a-fstatr.o)
                0x0000000000002f16                _fstat_r
 .text._isatty_r
                0x0000000000002f48       0x30 c:/mounriver/mounriver_studio2/resources/app/resources/win32/components/wch/toolchain/risc-v embedded gcc/bin/../lib/gcc/riscv-none-embed/8.2.0/../../../../riscv-none-embed/lib/rv32imacxw/ilp32\libg_nano.a(lib_a-isattyr.o)
                0x0000000000002f48                _isatty_r
 .text._lseek_r
                0x0000000000002f78       0x34 c:/mounriver/mounriver_studio2/resources/app/resources/win32/components/wch/toolchain/risc-v embedded gcc/bin/../lib/gcc/riscv-none-embed/8.2.0/../../../../riscv-none-embed/lib/rv32imacxw/ilp32\libg_nano.a(lib_a-lseekr.o)
                0x0000000000002f78                _lseek_r
 .text.memchr   0x0000000000002fac       0x18 c:/mounriver/mounriver_studio2/resources/app/resources/win32/components/wch/toolchain/risc-v embedded gcc/bin/../lib/gcc/riscv-none-embed/8.2.0/../../../../riscv-none-embed/lib/rv32imacxw/ilp32\libg_nano.a(lib_a-memchr.o)
                0x0000000000002fac                memchr
 .text._read_r  0x0000000000002fc4       0x34 c:/mounriver/mounriver_studio2/resources/app/resources/win32/components/wch/toolchain/risc-v embedded gcc/bin/../lib/gcc/riscv-none-embed/8.2.0/../../../../riscv-none-embed/lib/rv32imacxw/ilp32\libg_nano.a(lib_a-readr.o)
                0x0000000000002fc4                _read_r
 .text._close   0x0000000000002ff8       0x10 c:/mounriver/mounriver_studio2/resources/app/resources/win32/components/wch/toolchain/risc-v embedded gcc/bin/../lib/gcc/riscv-none-embed/8.2.0/../../../../riscv-none-embed/lib/rv32imacxw/ilp32\libnosys.a(close.o)
                0x0000000000002ff8                _close
 .text._fstat   0x0000000000003008       0x10 c:/mounriver/mounriver_studio2/resources/app/resources/win32/components/wch/toolchain/risc-v embedded gcc/bin/../lib/gcc/riscv-none-embed/8.2.0/../../../../riscv-none-embed/lib/rv32imacxw/ilp32\libnosys.a(fstat.o)
                0x0000000000003008                _fstat
 .text._isatty  0x0000000000003018       0x10 c:/mounriver/mounriver_studio2/resources/app/resources/win32/components/wch/toolchain/risc-v embedded gcc/bin/../lib/gcc/riscv-none-embed/8.2.0/../../../../riscv-none-embed/lib/rv32imacxw/ilp32\libnosys.a(isatty.o)
                0x0000000000003018                _isatty
 .text._lseek   0x0000000000003028       0x10 c:/mounriver/mounriver_studio2/resources/app/resources/win32/components/wch/toolchain/risc-v embedded gcc/bin/../lib/gcc/riscv-none-embed/8.2.0/../../../../riscv-none-embed/lib/rv32imacxw/ilp32\libnosys.a(lseek.o)
                0x0000000000003028                _lseek
 .text._read    0x0000000000003038       0x10 c:/mounriver/mounriver_studio2/resources/app/resources/win32/components/wch/toolchain/risc-v embedded gcc/bin/../lib/gcc/riscv-none-embed/8.2.0/../../../../riscv-none-embed/lib/rv32imacxw/ilp32\libnosys.a(read.o)
                0x0000000000003038                _read
 *(.rodata)
 *(.rodata*)
 *fill*         0x0000000000003048        0x0 
 .rodata.EXTI4_IRQHandler.str1.4
                0x0000000000003048       0x3e ./User/ch32v30x_it.o
 *fill*         0x0000000000003086        0x2 
 .rodata.main.str1.4
                0x0000000000003088      0x114 ./User/main.o
 .rodata.USBFS_IRQHandler
                0x000000000000319c       0x30 ./Drivers/ch32v30x_usbfs_device.o
 .rodata.protocol_init.str1.4
                0x00000000000031cc       0x66 ./Drivers/protocol.o
 *fill*         0x0000000000003232        0x2 
 .rodata.usb_cdc_init.str1.4
                0x0000000000003234       0x15 ./Drivers/usb_cdc.o
 *fill*         0x0000000000003249        0x3 
 .rodata.MyCfgDescr
                0x000000000000324c       0x43 ./Drivers/usb_desc.o
                0x000000000000324c                MyCfgDescr
 *fill*         0x000000000000328f        0x1 
 .rodata.MyDevDescr
                0x0000000000003290       0x12 ./Drivers/usb_desc.o
                0x0000000000003290                MyDevDescr
 *fill*         0x00000000000032a2        0x2 
 .rodata.MyManuInfo
                0x00000000000032a4        0xe ./Drivers/usb_desc.o
                0x00000000000032a4                MyManuInfo
 *fill*         0x00000000000032b2        0x2 
 .rodata.MyProdInfo
                0x00000000000032b4       0x16 ./Drivers/usb_desc.o
                0x00000000000032b4                MyProdInfo
 *fill*         0x00000000000032ca        0x2 
 .rodata.MySerNumInfo
                0x00000000000032cc       0x16 ./Drivers/usb_desc.o
                0x00000000000032cc                MySerNumInfo
 *fill*         0x00000000000032e2        0x2 
 .rodata.__sf_fake_stderr
                0x00000000000032e4       0x20 c:/mounriver/mounriver_studio2/resources/app/resources/win32/components/wch/toolchain/risc-v embedded gcc/bin/../lib/gcc/riscv-none-embed/8.2.0/../../../../riscv-none-embed/lib/rv32imacxw/ilp32\libg_nano.a(lib_a-findfp.o)
                0x00000000000032e4                __sf_fake_stderr
 .rodata.__sf_fake_stdin
                0x0000000000003304       0x20 c:/mounriver/mounriver_studio2/resources/app/resources/win32/components/wch/toolchain/risc-v embedded gcc/bin/../lib/gcc/riscv-none-embed/8.2.0/../../../../riscv-none-embed/lib/rv32imacxw/ilp32\libg_nano.a(lib_a-findfp.o)
                0x0000000000003304                __sf_fake_stdin
 .rodata.__sf_fake_stdout
                0x0000000000003324       0x20 c:/mounriver/mounriver_studio2/resources/app/resources/win32/components/wch/toolchain/risc-v embedded gcc/bin/../lib/gcc/riscv-none-embed/8.2.0/../../../../riscv-none-embed/lib/rv32imacxw/ilp32\libg_nano.a(lib_a-findfp.o)
                0x0000000000003324                __sf_fake_stdout
 .rodata._vfprintf_r.str1.4
                0x0000000000003344       0x13 c:/mounriver/mounriver_studio2/resources/app/resources/win32/components/wch/toolchain/risc-v embedded gcc/bin/../lib/gcc/riscv-none-embed/8.2.0/../../../../riscv-none-embed/lib/rv32imacxw/ilp32\libg_nano.a(lib_a-nano-vfprintf.o)
 *fill*         0x0000000000003357        0x1 
 .rodata._printf_i.str1.4
                0x0000000000003358       0x28 c:/mounriver/mounriver_studio2/resources/app/resources/win32/components/wch/toolchain/risc-v embedded gcc/bin/../lib/gcc/riscv-none-embed/8.2.0/../../../../riscv-none-embed/lib/rv32imacxw/ilp32\libg_nano.a(lib_a-nano-vfprintf_i.o)
                                         0x25 (size before relaxing)
 *(.gnu.linkonce.t.*)
                0x0000000000003380                . = ALIGN (0x4)

.rela.dyn       0x0000000000003380        0x0
 .rela.init     0x0000000000003380        0x0 ./User/ch32v30x_it.o
 .rela.vector   0x0000000000003380        0x0 ./User/ch32v30x_it.o
 .rela.text.handle_reset
                0x0000000000003380        0x0 ./User/ch32v30x_it.o
 .rela.text._sbrk
                0x0000000000003380        0x0 ./User/ch32v30x_it.o
 .rela.sdata.curbrk.5497
                0x0000000000003380        0x0 ./User/ch32v30x_it.o
 .rela.text._sbrk_r
                0x0000000000003380        0x0 ./User/ch32v30x_it.o
 .rela.text._vfprintf_r
                0x0000000000003380        0x0 ./User/ch32v30x_it.o
 .rela.text._write_r
                0x0000000000003380        0x0 ./User/ch32v30x_it.o
 .rela.text._close_r
                0x0000000000003380        0x0 ./User/ch32v30x_it.o
 .rela.text._fstat_r
                0x0000000000003380        0x0 ./User/ch32v30x_it.o
 .rela.text._isatty_r
                0x0000000000003380        0x0 ./User/ch32v30x_it.o
 .rela.text._lseek_r
                0x0000000000003380        0x0 ./User/ch32v30x_it.o
 .rela.text._read_r
                0x0000000000003380        0x0 ./User/ch32v30x_it.o
 .rela.text._close
                0x0000000000003380        0x0 ./User/ch32v30x_it.o
 .rela.text._fstat
                0x0000000000003380        0x0 ./User/ch32v30x_it.o
 .rela.text._isatty
                0x0000000000003380        0x0 ./User/ch32v30x_it.o
 .rela.text._lseek
                0x0000000000003380        0x0 ./User/ch32v30x_it.o
 .rela.text._read
                0x0000000000003380        0x0 ./User/ch32v30x_it.o

.fini           0x0000000000003380        0x0
 *(SORT_NONE(.fini))
                0x0000000000003380                . = ALIGN (0x4)
                [!provide]                        PROVIDE (_etext = .)
                [!provide]                        PROVIDE (_eitcm = .)

.preinit_array  0x0000000000003380        0x0
                [!provide]                        PROVIDE (__preinit_array_start = .)
 *(.preinit_array)
                [!provide]                        PROVIDE (__preinit_array_end = .)

.init_array     0x0000000000003380        0x0
                [!provide]                        PROVIDE (__init_array_start = .)
 *(SORT_BY_INIT_PRIORITY(.init_array.*) SORT_BY_INIT_PRIORITY(.ctors.*))
 *(.init_array EXCLUDE_FILE(*crtend?.o *crtend.o *crtbegin?.o *crtbegin.o) .ctors)
                [!provide]                        PROVIDE (__init_array_end = .)

.fini_array     0x0000000000003380        0x0
                [!provide]                        PROVIDE (__fini_array_start = .)
 *(SORT_BY_INIT_PRIORITY(.fini_array.*) SORT_BY_INIT_PRIORITY(.dtors.*))
 *(.fini_array EXCLUDE_FILE(*crtend?.o *crtend.o *crtbegin?.o *crtbegin.o) .dtors)
                [!provide]                        PROVIDE (__fini_array_end = .)

.ctors
 *crtbegin.o(.ctors)
 *crtbegin?.o(.ctors)
 *(EXCLUDE_FILE(*crtend?.o *crtend.o) .ctors)
 *(SORT_BY_NAME(.ctors.*))
 *(.ctors)

.dtors
 *crtbegin.o(.dtors)
 *crtbegin?.o(.dtors)
 *(EXCLUDE_FILE(*crtend?.o *crtend.o) .dtors)
 *(SORT_BY_NAME(.dtors.*))
 *(.dtors)

.dalign         0x0000000020000000        0x0 load address 0x0000000000003380
                0x0000000020000000                . = ALIGN (0x4)
                0x0000000020000000                PROVIDE (_data_vma = .)

.dlalign        0x0000000000003380        0x0
                0x0000000000003380                . = ALIGN (0x4)
                0x0000000000003380                PROVIDE (_data_lma = .)

.data           0x0000000020000000       0xb8 load address 0x0000000000003380
 *(.gnu.linkonce.r.*)
 *(.data .data.*)
 .data.devs     0x0000000020000000        0xa ./User/main.o
                0x0000000020000000                devs
 *fill*         0x000000002000000a        0x2 
 .data.AHBPrescTable
                0x000000002000000c       0x10 ./User/system_ch32v30x.o
                0x000000002000000c                AHBPrescTable
 .data.APBAHBPrescTable
                0x000000002000001c       0x10 ./Peripheral/src/ch32v30x_rcc.o
 .data.impure_data
                0x000000002000002c       0x60 c:/mounriver/mounriver_studio2/resources/app/resources/win32/components/wch/toolchain/risc-v embedded gcc/bin/../lib/gcc/riscv-none-embed/8.2.0/../../../../riscv-none-embed/lib/rv32imacxw/ilp32\libg_nano.a(lib_a-impure.o)
 *(.gnu.linkonce.d.*)
                0x0000000020000090                . = ALIGN (0x8)
 *fill*         0x000000002000008c        0x4 
                0x0000000020000890                PROVIDE (__global_pointer$ = (. + 0x800))
 *(.sdata .sdata.*)
 .sdata.SystemCoreClock
                0x0000000020000090        0x4 ./User/system_ch32v30x.o
                0x0000000020000090                SystemCoreClock
 .sdata.ADCPrescTable
                0x0000000020000094        0x4 ./Peripheral/src/ch32v30x_rcc.o
 .sdata.cJSON_free
                0x0000000020000098        0x4 ./Drivers/cjson/cJSON.o
 .sdata.cJSON_malloc
                0x000000002000009c        0x4 ./Drivers/cjson/cJSON.o
 .sdata.LineCoding
                0x00000000200000a0        0x7 ./Drivers/ch32v30x_usbfs_device.o
 *fill*         0x00000000200000a7        0x1 
 .sdata.curbrk.5497
                0x00000000200000a8        0x4 ./Debug/debug.o
 .sdata._impure_ptr
                0x00000000200000ac        0x4 c:/mounriver/mounriver_studio2/resources/app/resources/win32/components/wch/toolchain/risc-v embedded gcc/bin/../lib/gcc/riscv-none-embed/8.2.0/../../../../riscv-none-embed/lib/rv32imacxw/ilp32\libg_nano.a(lib_a-impure.o)
                0x00000000200000ac                _impure_ptr
 *(.sdata2.*)
 .sdata2.MyLangDescr
                0x00000000200000b0        0x4 ./Drivers/usb_desc.o
                0x00000000200000b0                MyLangDescr
 .sdata2._global_impure_ptr
                0x00000000200000b4        0x4 c:/mounriver/mounriver_studio2/resources/app/resources/win32/components/wch/toolchain/risc-v embedded gcc/bin/../lib/gcc/riscv-none-embed/8.2.0/../../../../riscv-none-embed/lib/rv32imacxw/ilp32\libg_nano.a(lib_a-impure.o)
                0x00000000200000b4                _global_impure_ptr
 *(.gnu.linkonce.s.*)
                0x00000000200000b8                . = ALIGN (0x8)
 *(.srodata.cst16)
 *(.srodata.cst8)
 *(.srodata.cst4)
 *(.srodata.cst2)
 *(.srodata .srodata.*)
                0x00000000200000b8                . = ALIGN (0x4)
                0x00000000200000b8                PROVIDE (_edata = .)

.bss            0x00000000200000b8     0x1354 load address 0x0000000000003438
                0x00000000200000b8                . = ALIGN (0x4)
                0x00000000200000b8                PROVIDE (_sbss = .)
 *(.sbss*)
 .sbss.fault_source_mask
                0x00000000200000b8        0x2 ./User/ch32v30x_it.o
                0x00000000200000b8                fault_source_mask
 .sbss.fault_triggered
                0x00000000200000ba        0x1 ./User/ch32v30x_it.o
                0x00000000200000ba                fault_triggered
 *fill*         0x00000000200000bb        0x1 
 .sbss.last_dac_value
                0x00000000200000bc        0x2 ./User/ch32v30x_it.o
                0x00000000200000bc                last_dac_value
 *fill*         0x00000000200000be        0x2 
 .sbss.NVIC_Priority_Group
                0x00000000200000c0        0x4 ./Peripheral/src/ch32v30x_misc.o
                0x00000000200000c0                NVIC_Priority_Group
 .sbss.USBFS_DevAddr
                0x00000000200000c4        0x1 ./Drivers/ch32v30x_usbfs_device.o
                0x00000000200000c4                USBFS_DevAddr
 .sbss.USBFS_DevConfig
                0x00000000200000c5        0x1 ./Drivers/ch32v30x_usbfs_device.o
                0x00000000200000c5                USBFS_DevConfig
 .sbss.USBFS_DevEnumStatus
                0x00000000200000c6        0x1 ./Drivers/ch32v30x_usbfs_device.o
                0x00000000200000c6                USBFS_DevEnumStatus
 .sbss.USBFS_DevSleepStatus
                0x00000000200000c7        0x1 ./Drivers/ch32v30x_usbfs_device.o
                0x00000000200000c7                USBFS_DevSleepStatus
 .sbss.USBFS_Endp_Busy
                0x00000000200000c8        0x8 ./Drivers/ch32v30x_usbfs_device.o
                0x00000000200000c8                USBFS_Endp_Busy
 .sbss.USBFS_SetupReqCode
                0x00000000200000d0        0x1 ./Drivers/ch32v30x_usbfs_device.o
                0x00000000200000d0                USBFS_SetupReqCode
 *fill*         0x00000000200000d1        0x1 
 .sbss.USBFS_SetupReqIndex
                0x00000000200000d2        0x2 ./Drivers/ch32v30x_usbfs_device.o
                0x00000000200000d2                USBFS_SetupReqIndex
 .sbss.USBFS_SetupReqLen
                0x00000000200000d4        0x2 ./Drivers/ch32v30x_usbfs_device.o
                0x00000000200000d4                USBFS_SetupReqLen
 .sbss.USBFS_SetupReqType
                0x00000000200000d6        0x1 ./Drivers/ch32v30x_usbfs_device.o
                0x00000000200000d6                USBFS_SetupReqType
 *fill*         0x00000000200000d7        0x1 
 .sbss.USBFS_SetupReqValue
                0x00000000200000d8        0x2 ./Drivers/ch32v30x_usbfs_device.o
                0x00000000200000d8                USBFS_SetupReqValue
 *fill*         0x00000000200000da        0x2 
 .sbss.pUSBFS_Descr
                0x00000000200000dc        0x4 ./Drivers/ch32v30x_usbfs_device.o
                0x00000000200000dc                pUSBFS_Descr
 .sbss.tacho_last_capture
                0x00000000200000e0        0x4 ./Drivers/fan.o
                0x00000000200000e0                tacho_last_capture
 .sbss.tacho_period_ticks
                0x00000000200000e4        0x4 ./Drivers/fan.o
                0x00000000200000e4                tacho_period_ticks
 .sbss.tacho_timeout
                0x00000000200000e8        0x2 ./Drivers/fan.o
                0x00000000200000e8                tacho_timeout
 .sbss.tacho_valid
                0x00000000200000ea        0x1 ./Drivers/fan.o
                0x00000000200000ea                tacho_valid
 *fill*         0x00000000200000eb        0x1 
 .sbss.cjson_pool_used
                0x00000000200000ec        0x4 ./Drivers/protocol.o
 .sbss.rx_framing_err
                0x00000000200000f0        0x1 ./Drivers/protocol.o
                0x00000000200000f0                rx_framing_err
 *fill*         0x00000000200000f1        0x1 
 .sbss.rx_head  0x00000000200000f2        0x2 ./Drivers/protocol.o
                0x00000000200000f2                rx_head
 .sbss.rx_overflow
                0x00000000200000f4        0x1 ./Drivers/protocol.o
                0x00000000200000f4                rx_overflow
 .sbss.rx_parity_err
                0x00000000200000f5        0x1 ./Drivers/protocol.o
                0x00000000200000f5                rx_parity_err
 .sbss.rx_tail  0x00000000200000f6        0x2 ./Drivers/protocol.o
                0x00000000200000f6                rx_tail
 .sbss.ws2812_dma_busy
                0x00000000200000f8        0x1 ./Drivers/ws2812.o
                0x00000000200000f8                ws2812_dma_busy
 *fill*         0x00000000200000f9        0x1 
 .sbss.p_ms     0x00000000200000fa        0x2 ./Debug/debug.o
 .sbss.p_us     0x00000000200000fc        0x1 ./Debug/debug.o
 *fill*         0x00000000200000fd        0x3 
 .sbss.__malloc_free_list
                0x0000000020000100        0x4 c:/mounriver/mounriver_studio2/resources/app/resources/win32/components/wch/toolchain/risc-v embedded gcc/bin/../lib/gcc/riscv-none-embed/8.2.0/../../../../riscv-none-embed/lib/rv32imacxw/ilp32\libg_nano.a(lib_a-nano-mallocr.o)
                0x0000000020000100                __malloc_free_list
 .sbss.__malloc_sbrk_start
                0x0000000020000104        0x4 c:/mounriver/mounriver_studio2/resources/app/resources/win32/components/wch/toolchain/risc-v embedded gcc/bin/../lib/gcc/riscv-none-embed/8.2.0/../../../../riscv-none-embed/lib/rv32imacxw/ilp32\libg_nano.a(lib_a-nano-mallocr.o)
                0x0000000020000104                __malloc_sbrk_start
 *(.gnu.linkonce.sb.*)
 *(.bss*)
 .bss.USBFS_EP0_Buf
                0x0000000020000108       0x40 ./Drivers/ch32v30x_usbfs_device.o
                0x0000000020000108                USBFS_EP0_Buf
 .bss.USBFS_EP1_Buf
                0x0000000020000148       0x40 ./Drivers/ch32v30x_usbfs_device.o
                0x0000000020000148                USBFS_EP1_Buf
 .bss.USBFS_EP2_Buf
                0x0000000020000188       0x40 ./Drivers/ch32v30x_usbfs_device.o
                0x0000000020000188                USBFS_EP2_Buf
 .bss.USBFS_EP3_Buf
                0x00000000200001c8       0x40 ./Drivers/ch32v30x_usbfs_device.o
                0x00000000200001c8                USBFS_EP3_Buf
 .bss.cjson_pool
                0x0000000020000208     0x1000 ./Drivers/protocol.o
 .bss.rx_buf    0x0000000020001208      0x200 ./Drivers/protocol.o
                0x0000000020001208                rx_buf
 *(.gnu.linkonce.b.*)
 *(COMMON*)
 COMMON         0x0000000020001408        0x4 c:/mounriver/mounriver_studio2/resources/app/resources/win32/components/wch/toolchain/risc-v embedded gcc/bin/../lib/gcc/riscv-none-embed/8.2.0/../../../../riscv-none-embed/lib/rv32imacxw/ilp32\libg_nano.a(lib_a-reent.o)
                0x0000000020001408                errno
                0x000000002000140c                . = ALIGN (0x4)
                0x000000002000140c                PROVIDE (_ebss = .)
                0x000000002000140c                PROVIDE (_end = _ebss)
                [!provide]                        PROVIDE (end = .)

.stack          0x0000000020007800      0x800
                0x0000000020007800                PROVIDE (_heap_end = .)
                0x0000000020007800                . = ALIGN (0x4)
                [!provide]                        PROVIDE (_susrstack = .)
                0x0000000020008000                . = (. + __stack_size)
 *fill*         0x0000000020007800      0x800 
                0x0000000020008000                PROVIDE (_eusrstack = .)
OUTPUT(CH32V303CBT.elf elf32-littleriscv)

.debug_info     0x0000000000000000    0x1d1bd
 .debug_info    0x0000000000000000     0x15dd ./User/ch32v30x_it.o
 .debug_info    0x00000000000015dd     0x1799 ./User/main.o
 .debug_info    0x0000000000002d76      0xd55 ./User/system_ch32v30x.o
 .debug_info    0x0000000000003acb       0x22 ./Startup/startup_ch32v30x_D8.o
 .debug_info    0x0000000000003aed      0xc79 ./Peripheral/src/ch32v30x_dbgmcu.o
 .debug_info    0x0000000000004766      0xede ./Peripheral/src/ch32v30x_dma.o
 .debug_info    0x0000000000005644      0xded ./Peripheral/src/ch32v30x_exti.o
 .debug_info    0x0000000000006431     0x1312 ./Peripheral/src/ch32v30x_gpio.o
 .debug_info    0x0000000000007743     0x162c ./Peripheral/src/ch32v30x_i2c.o
 .debug_info    0x0000000000008d6f     0x10e2 ./Peripheral/src/ch32v30x_misc.o
 .debug_info    0x0000000000009e51     0x1729 ./Peripheral/src/ch32v30x_rcc.o
 .debug_info    0x000000000000b57a     0x2c04 ./Peripheral/src/ch32v30x_tim.o
 .debug_info    0x000000000000e17e     0x157d ./Peripheral/src/ch32v30x_usart.o
 .debug_info    0x000000000000f6fb     0x2175 ./Drivers/cjson/cJSON.o
 .debug_info    0x0000000000011870     0x199e ./Drivers/ch32v30x_usbfs_device.o
 .debug_info    0x000000000001320e      0xa45 ./Drivers/dac8571.o
 .debug_info    0x0000000000013c53     0x18c8 ./Drivers/fan.o
 .debug_info    0x000000000001551b     0x1c22 ./Drivers/i2c_util.o
 .debug_info    0x000000000001713d      0x600 ./Drivers/ina226.o
 .debug_info    0x000000000001773d     0x20f0 ./Drivers/protocol.o
 .debug_info    0x000000000001982d      0xdcd ./Drivers/usb_cdc.o
 .debug_info    0x000000000001a5fa      0x12d ./Drivers/usb_desc.o
 .debug_info    0x000000000001a727     0x19a1 ./Drivers/ws2812.o
 .debug_info    0x000000000001c0c8     0x10f5 ./Debug/debug.o

.debug_abbrev   0x0000000000000000     0x4d5e
 .debug_abbrev  0x0000000000000000      0x330 ./User/ch32v30x_it.o
 .debug_abbrev  0x0000000000000330      0x3b8 ./User/main.o
 .debug_abbrev  0x00000000000006e8      0x2e6 ./User/system_ch32v30x.o
 .debug_abbrev  0x00000000000009ce       0x12 ./Startup/startup_ch32v30x_D8.o
 .debug_abbrev  0x00000000000009e0      0x324 ./Peripheral/src/ch32v30x_dbgmcu.o
 .debug_abbrev  0x0000000000000d04      0x323 ./Peripheral/src/ch32v30x_dma.o
 .debug_abbrev  0x0000000000001027      0x300 ./Peripheral/src/ch32v30x_exti.o
 .debug_abbrev  0x0000000000001327      0x340 ./Peripheral/src/ch32v30x_gpio.o
 .debug_abbrev  0x0000000000001667      0x3cd ./Peripheral/src/ch32v30x_i2c.o
 .debug_abbrev  0x0000000000001a34      0x300 ./Peripheral/src/ch32v30x_misc.o
 .debug_abbrev  0x0000000000001d34      0x377 ./Peripheral/src/ch32v30x_rcc.o
 .debug_abbrev  0x00000000000020ab      0x425 ./Peripheral/src/ch32v30x_tim.o
 .debug_abbrev  0x00000000000024d0      0x338 ./Peripheral/src/ch32v30x_usart.o
 .debug_abbrev  0x0000000000002808      0x5c2 ./Drivers/cjson/cJSON.o
 .debug_abbrev  0x0000000000002dca      0x3fc ./Drivers/ch32v30x_usbfs_device.o
 .debug_abbrev  0x00000000000031c6      0x25c ./Drivers/dac8571.o
 .debug_abbrev  0x0000000000003422      0x3a5 ./Drivers/fan.o
 .debug_abbrev  0x00000000000037c7      0x4a7 ./Drivers/i2c_util.o
 .debug_abbrev  0x0000000000003c6e      0x1d4 ./Drivers/ina226.o
 .debug_abbrev  0x0000000000003e42      0x4e4 ./Drivers/protocol.o
 .debug_abbrev  0x0000000000004326      0x30b ./Drivers/usb_cdc.o
 .debug_abbrev  0x0000000000004631       0x6c ./Drivers/usb_desc.o
 .debug_abbrev  0x000000000000469d      0x3a6 ./Drivers/ws2812.o
 .debug_abbrev  0x0000000000004a43      0x31b ./Debug/debug.o

.debug_loc      0x0000000000000000     0x6ca7
 .debug_loc     0x0000000000000000       0x89 ./User/ch32v30x_it.o
 .debug_loc     0x0000000000000089       0xe9 ./User/main.o
 .debug_loc     0x0000000000000172       0xac ./User/system_ch32v30x.o
 .debug_loc     0x000000000000021e       0x7c ./Peripheral/src/ch32v30x_dbgmcu.o
 .debug_loc     0x000000000000029a      0x19a ./Peripheral/src/ch32v30x_dma.o
 .debug_loc     0x0000000000000434      0x181 ./Peripheral/src/ch32v30x_exti.o
 .debug_loc     0x00000000000005b5      0x6ab ./Peripheral/src/ch32v30x_gpio.o
 .debug_loc     0x0000000000000c60      0x6cc ./Peripheral/src/ch32v30x_i2c.o
 .debug_loc     0x000000000000132c       0x61 ./Peripheral/src/ch32v30x_misc.o
 .debug_loc     0x000000000000138d      0xa54 ./Peripheral/src/ch32v30x_rcc.o
 .debug_loc     0x0000000000001de1     0x18b7 ./Peripheral/src/ch32v30x_tim.o
 .debug_loc     0x0000000000003698      0x779 ./Peripheral/src/ch32v30x_usart.o
 .debug_loc     0x0000000000003e11     0x1614 ./Drivers/cjson/cJSON.o
 .debug_loc     0x0000000000005425      0x43e ./Drivers/ch32v30x_usbfs_device.o
 .debug_loc     0x0000000000005863       0x21 ./Drivers/dac8571.o
 .debug_loc     0x0000000000005884       0xd3 ./Drivers/fan.o
 .debug_loc     0x0000000000005957      0x608 ./Drivers/i2c_util.o
 .debug_loc     0x0000000000005f5f      0x2e0 ./Drivers/ina226.o
 .debug_loc     0x000000000000623f      0x68a ./Drivers/protocol.o
 .debug_loc     0x00000000000068c9       0x4a ./Drivers/usb_cdc.o
 .debug_loc     0x0000000000006913      0x21d ./Drivers/ws2812.o
 .debug_loc     0x0000000000006b30      0x177 ./Debug/debug.o

.debug_aranges  0x0000000000000000      0xca8
 .debug_aranges
                0x0000000000000000       0x48 ./User/ch32v30x_it.o
 .debug_aranges
                0x0000000000000048       0x38 ./User/main.o
 .debug_aranges
                0x0000000000000080       0x28 ./User/system_ch32v30x.o
 .debug_aranges
                0x00000000000000a8       0x30 ./Startup/startup_ch32v30x_D8.o
 .debug_aranges
                0x00000000000000d8       0x48 ./Peripheral/src/ch32v30x_dbgmcu.o
 .debug_aranges
                0x0000000000000120       0x60 ./Peripheral/src/ch32v30x_dma.o
 .debug_aranges
                0x0000000000000180       0x50 ./Peripheral/src/ch32v30x_exti.o
 .debug_aranges
                0x00000000000001d0       0xb0 ./Peripheral/src/ch32v30x_gpio.o
 .debug_aranges
                0x0000000000000280      0x110 ./Peripheral/src/ch32v30x_i2c.o
 .debug_aranges
                0x0000000000000390       0x28 ./Peripheral/src/ch32v30x_misc.o
 .debug_aranges
                0x00000000000003b8      0x1a8 ./Peripheral/src/ch32v30x_rcc.o
 .debug_aranges
                0x0000000000000560      0x2d0 ./Peripheral/src/ch32v30x_tim.o
 .debug_aranges
                0x0000000000000830       0xf0 ./Peripheral/src/ch32v30x_usart.o
 .debug_aranges
                0x0000000000000920       0xf8 ./Drivers/cjson/cJSON.o
 .debug_aranges
                0x0000000000000a18       0x48 ./Drivers/ch32v30x_usbfs_device.o
 .debug_aranges
                0x0000000000000a60       0x28 ./Drivers/dac8571.o
 .debug_aranges
                0x0000000000000a88       0x40 ./Drivers/fan.o
 .debug_aranges
                0x0000000000000ac8       0x68 ./Drivers/i2c_util.o
 .debug_aranges
                0x0000000000000b30       0x60 ./Drivers/ina226.o
 .debug_aranges
                0x0000000000000b90       0x58 ./Drivers/protocol.o
 .debug_aranges
                0x0000000000000be8       0x28 ./Drivers/usb_cdc.o
 .debug_aranges
                0x0000000000000c10       0x18 ./Drivers/usb_desc.o
 .debug_aranges
                0x0000000000000c28       0x30 ./Drivers/ws2812.o
 .debug_aranges
                0x0000000000000c58       0x50 ./Debug/debug.o

.debug_ranges   0x0000000000000000      0xf48
 .debug_ranges  0x0000000000000000       0x38 ./User/ch32v30x_it.o
 .debug_ranges  0x0000000000000038       0x40 ./User/main.o
 .debug_ranges  0x0000000000000078       0x38 ./User/system_ch32v30x.o
 .debug_ranges  0x00000000000000b0       0x28 ./Startup/startup_ch32v30x_D8.o
 .debug_ranges  0x00000000000000d8       0x50 ./Peripheral/src/ch32v30x_dbgmcu.o
 .debug_ranges  0x0000000000000128       0x50 ./Peripheral/src/ch32v30x_dma.o
 .debug_ranges  0x0000000000000178       0x40 ./Peripheral/src/ch32v30x_exti.o
 .debug_ranges  0x00000000000001b8       0xa0 ./Peripheral/src/ch32v30x_gpio.o
 .debug_ranges  0x0000000000000258      0x100 ./Peripheral/src/ch32v30x_i2c.o
 .debug_ranges  0x0000000000000358       0x30 ./Peripheral/src/ch32v30x_misc.o
 .debug_ranges  0x0000000000000388      0x198 ./Peripheral/src/ch32v30x_rcc.o
 .debug_ranges  0x0000000000000520      0x2c0 ./Peripheral/src/ch32v30x_tim.o
 .debug_ranges  0x00000000000007e0       0xe0 ./Peripheral/src/ch32v30x_usart.o
 .debug_ranges  0x00000000000008c0      0x328 ./Drivers/cjson/cJSON.o
 .debug_ranges  0x0000000000000be8       0x50 ./Drivers/ch32v30x_usbfs_device.o
 .debug_ranges  0x0000000000000c38       0x18 ./Drivers/dac8571.o
 .debug_ranges  0x0000000000000c50       0x78 ./Drivers/fan.o
 .debug_ranges  0x0000000000000cc8      0x170 ./Drivers/i2c_util.o
 .debug_ranges  0x0000000000000e38       0x50 ./Drivers/ina226.o
 .debug_ranges  0x0000000000000e88       0x48 ./Drivers/protocol.o
 .debug_ranges  0x0000000000000ed0       0x18 ./Drivers/usb_cdc.o
 .debug_ranges  0x0000000000000ee8       0x20 ./Drivers/ws2812.o
 .debug_ranges  0x0000000000000f08       0x40 ./Debug/debug.o

.debug_line     0x0000000000000000    0x13a53
 .debug_line    0x0000000000000000      0x8a9 ./User/ch32v30x_it.o
 .debug_line    0x00000000000008a9      0x926 ./User/main.o
 .debug_line    0x00000000000011cf      0x737 ./User/system_ch32v30x.o
 .debug_line    0x0000000000001906      0x121 ./Startup/startup_ch32v30x_D8.o
 .debug_line    0x0000000000001a27      0x41e ./Peripheral/src/ch32v30x_dbgmcu.o
 .debug_line    0x0000000000001e45      0xa56 ./Peripheral/src/ch32v30x_dma.o
 .debug_line    0x000000000000289b      0x65b ./Peripheral/src/ch32v30x_exti.o
 .debug_line    0x0000000000002ef6      0xf7a ./Peripheral/src/ch32v30x_gpio.o
 .debug_line    0x0000000000003e70     0x11be ./Peripheral/src/ch32v30x_i2c.o
 .debug_line    0x000000000000502e      0x45a ./Peripheral/src/ch32v30x_misc.o
 .debug_line    0x0000000000005488     0x185c ./Peripheral/src/ch32v30x_rcc.o
 .debug_line    0x0000000000006ce4     0x31f4 ./Peripheral/src/ch32v30x_tim.o
 .debug_line    0x0000000000009ed8      0xf7b ./Peripheral/src/ch32v30x_usart.o
 .debug_line    0x000000000000ae53     0x238c ./Drivers/cjson/cJSON.o
 .debug_line    0x000000000000d1df     0x172a ./Drivers/ch32v30x_usbfs_device.o
 .debug_line    0x000000000000e909      0x346 ./Drivers/dac8571.o
 .debug_line    0x000000000000ec4f      0xb0b ./Drivers/fan.o
 .debug_line    0x000000000000f75a     0x109d ./Drivers/i2c_util.o
 .debug_line    0x00000000000107f7      0x815 ./Drivers/ina226.o
 .debug_line    0x000000000001100c     0x1349 ./Drivers/protocol.o
 .debug_line    0x0000000000012355      0x4cb ./Drivers/usb_cdc.o
 .debug_line    0x0000000000012820      0x177 ./Drivers/usb_desc.o
 .debug_line    0x0000000000012997      0x8f8 ./Drivers/ws2812.o
 .debug_line    0x000000000001328f      0x7c4 ./Debug/debug.o

.debug_str      0x0000000000000000     0x423f
 .debug_str     0x0000000000000000      0xaa0 ./User/ch32v30x_it.o
                                        0xb68 (size before relaxing)
 .debug_str     0x0000000000000aa0      0x91d ./User/main.o
                                       0x1130 (size before relaxing)
 .debug_str     0x00000000000013bd      0x100 ./User/system_ch32v30x.o
                                        0x7fe (size before relaxing)
 .debug_str     0x00000000000014bd       0x2d ./Startup/startup_ch32v30x_D8.o
                                         0x4b (size before relaxing)
 .debug_str     0x00000000000014ea       0x87 ./Peripheral/src/ch32v30x_dbgmcu.o
                                        0x789 (size before relaxing)
 .debug_str     0x0000000000001571      0x1bd ./Peripheral/src/ch32v30x_dma.o
                                        0x922 (size before relaxing)
 .debug_str     0x000000000000172e       0xcd ./Peripheral/src/ch32v30x_exti.o
                                        0x8d0 (size before relaxing)
 .debug_str     0x00000000000017fb      0x260 ./Peripheral/src/ch32v30x_gpio.o
                                        0xacd (size before relaxing)
 .debug_str     0x0000000000001a5b      0x44b ./Peripheral/src/ch32v30x_i2c.o
                                        0xbfd (size before relaxing)
 .debug_str     0x0000000000001ea6       0xe4 ./Peripheral/src/ch32v30x_misc.o
                                        0xd68 (size before relaxing)
 .debug_str     0x0000000000001f8a      0x522 ./Peripheral/src/ch32v30x_rcc.o
                                        0xdf3 (size before relaxing)
 .debug_str     0x00000000000024ac      0xa72 ./Peripheral/src/ch32v30x_tim.o
                                       0x13ab (size before relaxing)
 .debug_str     0x0000000000002f1e      0x399 ./Peripheral/src/ch32v30x_usart.o
                                        0xc17 (size before relaxing)
 .debug_str     0x00000000000032b7      0x393 ./Drivers/cjson/cJSON.o
                                        0x964 (size before relaxing)
 .debug_str     0x000000000000364a      0x599 ./Drivers/ch32v30x_usbfs_device.o
                                       0x1242 (size before relaxing)
 .debug_str     0x0000000000003be3       0x31 ./Drivers/dac8571.o
                                        0x603 (size before relaxing)
 .debug_str     0x0000000000003c14       0xe5 ./Drivers/fan.o
                                       0x1195 (size before relaxing)
 .debug_str     0x0000000000003cf9      0x13f ./Drivers/i2c_util.o
                                        0xc01 (size before relaxing)
 .debug_str     0x0000000000003e38       0xe7 ./Drivers/ina226.o
                                        0x344 (size before relaxing)
 .debug_str     0x0000000000003f1f      0x199 ./Drivers/protocol.o
                                       0x133a (size before relaxing)
 .debug_str     0x00000000000040b8       0x4b ./Drivers/usb_cdc.o
                                        0x8c1 (size before relaxing)
 .debug_str     0x0000000000004103       0x16 ./Drivers/usb_desc.o
                                        0x1d3 (size before relaxing)
 .debug_str     0x0000000000004119       0xca ./Drivers/ws2812.o
                                       0x1293 (size before relaxing)
 .debug_str     0x00000000000041e3       0x5c ./Debug/debug.o
                                        0xa3e (size before relaxing)

.comment        0x0000000000000000       0x33
 .comment       0x0000000000000000       0x33 ./User/ch32v30x_it.o
                                         0x34 (size before relaxing)
 .comment       0x0000000000000033       0x34 ./User/main.o
 .comment       0x0000000000000033       0x34 ./User/system_ch32v30x.o
 .comment       0x0000000000000033       0x34 ./Peripheral/src/ch32v30x_dbgmcu.o
 .comment       0x0000000000000033       0x34 ./Peripheral/src/ch32v30x_dma.o
 .comment       0x0000000000000033       0x34 ./Peripheral/src/ch32v30x_exti.o
 .comment       0x0000000000000033       0x34 ./Peripheral/src/ch32v30x_gpio.o
 .comment       0x0000000000000033       0x34 ./Peripheral/src/ch32v30x_i2c.o
 .comment       0x0000000000000033       0x34 ./Peripheral/src/ch32v30x_misc.o
 .comment       0x0000000000000033       0x34 ./Peripheral/src/ch32v30x_rcc.o
 .comment       0x0000000000000033       0x34 ./Peripheral/src/ch32v30x_tim.o
 .comment       0x0000000000000033       0x34 ./Peripheral/src/ch32v30x_usart.o
 .comment       0x0000000000000033       0x34 ./Drivers/cjson/cJSON.o
 .comment       0x0000000000000033       0x34 ./Drivers/ch32v30x_usbfs_device.o
 .comment       0x0000000000000033       0x34 ./Drivers/dac8571.o
 .comment       0x0000000000000033       0x34 ./Drivers/fan.o
 .comment       0x0000000000000033       0x34 ./Drivers/i2c_util.o
 .comment       0x0000000000000033       0x34 ./Drivers/ina226.o
 .comment       0x0000000000000033       0x34 ./Drivers/protocol.o
 .comment       0x0000000000000033       0x34 ./Drivers/usb_cdc.o
 .comment       0x0000000000000033       0x34 ./Drivers/usb_desc.o
 .comment       0x0000000000000033       0x34 ./Drivers/ws2812.o
 .comment       0x0000000000000033       0x34 ./Debug/debug.o

.debug_frame    0x0000000000000000     0x277c
 .debug_frame   0x0000000000000000       0xb8 ./User/ch32v30x_it.o
 .debug_frame   0x00000000000000b8       0xb8 ./User/main.o
 .debug_frame   0x0000000000000170       0x3c ./User/system_ch32v30x.o
 .debug_frame   0x00000000000001ac       0x70 ./Peripheral/src/ch32v30x_dbgmcu.o
 .debug_frame   0x000000000000021c       0xd8 ./Peripheral/src/ch32v30x_dma.o
 .debug_frame   0x00000000000002f4       0x90 ./Peripheral/src/ch32v30x_exti.o
 .debug_frame   0x0000000000000384      0x170 ./Peripheral/src/ch32v30x_gpio.o
 .debug_frame   0x00000000000004f4      0x264 ./Peripheral/src/ch32v30x_i2c.o
 .debug_frame   0x0000000000000758       0x30 ./Peripheral/src/ch32v30x_misc.o
 .debug_frame   0x0000000000000788      0x344 ./Peripheral/src/ch32v30x_rcc.o
 .debug_frame   0x0000000000000acc      0x614 ./Peripheral/src/ch32v30x_tim.o
 .debug_frame   0x00000000000010e0      0x1e4 ./Peripheral/src/ch32v30x_usart.o
 .debug_frame   0x00000000000012c4      0x3c0 ./Drivers/cjson/cJSON.o
 .debug_frame   0x0000000000001684       0xd0 ./Drivers/ch32v30x_usbfs_device.o
 .debug_frame   0x0000000000001754       0x50 ./Drivers/dac8571.o
 .debug_frame   0x00000000000017a4       0x90 ./Drivers/fan.o
 .debug_frame   0x0000000000001834      0x1e4 ./Drivers/i2c_util.o
 .debug_frame   0x0000000000001a18      0x15c ./Drivers/ina226.o
 .debug_frame   0x0000000000001b74      0x11c ./Drivers/protocol.o
 .debug_frame   0x0000000000001c90       0x50 ./Drivers/usb_cdc.o
 .debug_frame   0x0000000000001ce0       0x80 ./Drivers/ws2812.o
 .debug_frame   0x0000000000001d60       0xb8 ./Debug/debug.o
 .debug_frame   0x0000000000001e18       0x30 c:/mounriver/mounriver_studio2/resources/app/resources/win32/components/wch/toolchain/risc-v embedded gcc/bin/../lib/gcc/riscv-none-embed/8.2.0/../../../../riscv-none-embed/lib/rv32imacxw/ilp32\libg_nano.a(lib_a-malloc.o)
 .debug_frame   0x0000000000001e48       0x20 c:/mounriver/mounriver_studio2/resources/app/resources/win32/components/wch/toolchain/risc-v embedded gcc/bin/../lib/gcc/riscv-none-embed/8.2.0/../../../../riscv-none-embed/lib/rv32imacxw/ilp32\libg_nano.a(lib_a-memcpy.o)
 .debug_frame   0x0000000000001e68       0x40 c:/mounriver/mounriver_studio2/resources/app/resources/win32/components/wch/toolchain/risc-v embedded gcc/bin/../lib/gcc/riscv-none-embed/8.2.0/../../../../riscv-none-embed/lib/rv32imacxw/ilp32\libg_nano.a(lib_a-nano-freer.o)
 .debug_frame   0x0000000000001ea8       0x40 c:/mounriver/mounriver_studio2/resources/app/resources/win32/components/wch/toolchain/risc-v embedded gcc/bin/../lib/gcc/riscv-none-embed/8.2.0/../../../../riscv-none-embed/lib/rv32imacxw/ilp32\libg_nano.a(lib_a-nano-mallocr.o)
 .debug_frame   0x0000000000001ee8       0x54 c:/mounriver/mounriver_studio2/resources/app/resources/win32/components/wch/toolchain/risc-v embedded gcc/bin/../lib/gcc/riscv-none-embed/8.2.0/../../../../riscv-none-embed/lib/rv32imacxw/ilp32\libg_nano.a(lib_a-printf.o)
 .debug_frame   0x0000000000001f3c       0x54 c:/mounriver/mounriver_studio2/resources/app/resources/win32/components/wch/toolchain/risc-v embedded gcc/bin/../lib/gcc/riscv-none-embed/8.2.0/../../../../riscv-none-embed/lib/rv32imacxw/ilp32\libg_nano.a(lib_a-puts.o)
 .debug_frame   0x0000000000001f90       0x30 c:/mounriver/mounriver_studio2/resources/app/resources/win32/components/wch/toolchain/risc-v embedded gcc/bin/../lib/gcc/riscv-none-embed/8.2.0/../../../../riscv-none-embed/lib/rv32imacxw/ilp32\libg_nano.a(lib_a-sbrkr.o)
 .debug_frame   0x0000000000001fc0       0x50 c:/mounriver/mounriver_studio2/resources/app/resources/win32/components/wch/toolchain/risc-v embedded gcc/bin/../lib/gcc/riscv-none-embed/8.2.0/../../../../riscv-none-embed/lib/rv32imacxw/ilp32\libg_nano.a(lib_a-wbuf.o)
 .debug_frame   0x0000000000002010       0x3c c:/mounriver/mounriver_studio2/resources/app/resources/win32/components/wch/toolchain/risc-v embedded gcc/bin/../lib/gcc/riscv-none-embed/8.2.0/../../../../riscv-none-embed/lib/rv32imacxw/ilp32\libg_nano.a(lib_a-wsetup.o)
 .debug_frame   0x000000000000204c       0x7c c:/mounriver/mounriver_studio2/resources/app/resources/win32/components/wch/toolchain/risc-v embedded gcc/bin/../lib/gcc/riscv-none-embed/8.2.0/../../../../riscv-none-embed/lib/rv32imacxw/ilp32\libg_nano.a(lib_a-fflush.o)
 .debug_frame   0x00000000000020c8      0x148 c:/mounriver/mounriver_studio2/resources/app/resources/win32/components/wch/toolchain/risc-v embedded gcc/bin/../lib/gcc/riscv-none-embed/8.2.0/../../../../riscv-none-embed/lib/rv32imacxw/ilp32\libg_nano.a(lib_a-findfp.o)
 .debug_frame   0x0000000000002210       0x88 c:/mounriver/mounriver_studio2/resources/app/resources/win32/components/wch/toolchain/risc-v embedded gcc/bin/../lib/gcc/riscv-none-embed/8.2.0/../../../../riscv-none-embed/lib/rv32imacxw/ilp32\libg_nano.a(lib_a-fwalk.o)
 .debug_frame   0x0000000000002298       0x64 c:/mounriver/mounriver_studio2/resources/app/resources/win32/components/wch/toolchain/risc-v embedded gcc/bin/../lib/gcc/riscv-none-embed/8.2.0/../../../../riscv-none-embed/lib/rv32imacxw/ilp32\libg_nano.a(lib_a-makebuf.o)
 .debug_frame   0x00000000000022fc       0x30 c:/mounriver/mounriver_studio2/resources/app/resources/win32/components/wch/toolchain/risc-v embedded gcc/bin/../lib/gcc/riscv-none-embed/8.2.0/../../../../riscv-none-embed/lib/rv32imacxw/ilp32\libg_nano.a(lib_a-mlock.o)
 .debug_frame   0x000000000000232c       0xd0 c:/mounriver/mounriver_studio2/resources/app/resources/win32/components/wch/toolchain/risc-v embedded gcc/bin/../lib/gcc/riscv-none-embed/8.2.0/../../../../riscv-none-embed/lib/rv32imacxw/ilp32\libg_nano.a(lib_a-nano-vfprintf.o)
 .debug_frame   0x00000000000023fc       0x8c c:/mounriver/mounriver_studio2/resources/app/resources/win32/components/wch/toolchain/risc-v embedded gcc/bin/../lib/gcc/riscv-none-embed/8.2.0/../../../../riscv-none-embed/lib/rv32imacxw/ilp32\libg_nano.a(lib_a-nano-vfprintf_i.o)
 .debug_frame   0x0000000000002488       0x70 c:/mounriver/mounriver_studio2/resources/app/resources/win32/components/wch/toolchain/risc-v embedded gcc/bin/../lib/gcc/riscv-none-embed/8.2.0/../../../../riscv-none-embed/lib/rv32imacxw/ilp32\libg_nano.a(lib_a-reent.o)
 .debug_frame   0x00000000000024f8       0xa4 c:/mounriver/mounriver_studio2/resources/app/resources/win32/components/wch/toolchain/risc-v embedded gcc/bin/../lib/gcc/riscv-none-embed/8.2.0/../../../../riscv-none-embed/lib/rv32imacxw/ilp32\libg_nano.a(lib_a-stdio.o)
 .debug_frame   0x000000000000259c       0x30 c:/mounriver/mounriver_studio2/resources/app/resources/win32/components/wch/toolchain/risc-v embedded gcc/bin/../lib/gcc/riscv-none-embed/8.2.0/../../../../riscv-none-embed/lib/rv32imacxw/ilp32\libg_nano.a(lib_a-writer.o)
 .debug_frame   0x00000000000025cc       0x30 c:/mounriver/mounriver_studio2/resources/app/resources/win32/components/wch/toolchain/risc-v embedded gcc/bin/../lib/gcc/riscv-none-embed/8.2.0/../../../../riscv-none-embed/lib/rv32imacxw/ilp32\libg_nano.a(lib_a-closer.o)
 .debug_frame   0x00000000000025fc       0x30 c:/mounriver/mounriver_studio2/resources/app/resources/win32/components/wch/toolchain/risc-v embedded gcc/bin/../lib/gcc/riscv-none-embed/8.2.0/../../../../riscv-none-embed/lib/rv32imacxw/ilp32\libg_nano.a(lib_a-fstatr.o)
 .debug_frame   0x000000000000262c       0x30 c:/mounriver/mounriver_studio2/resources/app/resources/win32/components/wch/toolchain/risc-v embedded gcc/bin/../lib/gcc/riscv-none-embed/8.2.0/../../../../riscv-none-embed/lib/rv32imacxw/ilp32\libg_nano.a(lib_a-isattyr.o)
 .debug_frame   0x000000000000265c       0x30 c:/mounriver/mounriver_studio2/resources/app/resources/win32/components/wch/toolchain/risc-v embedded gcc/bin/../lib/gcc/riscv-none-embed/8.2.0/../../../../riscv-none-embed/lib/rv32imacxw/ilp32\libg_nano.a(lib_a-lseekr.o)
 .debug_frame   0x000000000000268c       0x20 c:/mounriver/mounriver_studio2/resources/app/resources/win32/components/wch/toolchain/risc-v embedded gcc/bin/../lib/gcc/riscv-none-embed/8.2.0/../../../../riscv-none-embed/lib/rv32imacxw/ilp32\libg_nano.a(lib_a-memchr.o)
 .debug_frame   0x00000000000026ac       0x30 c:/mounriver/mounriver_studio2/resources/app/resources/win32/components/wch/toolchain/risc-v embedded gcc/bin/../lib/gcc/riscv-none-embed/8.2.0/../../../../riscv-none-embed/lib/rv32imacxw/ilp32\libg_nano.a(lib_a-readr.o)
 .debug_frame   0x00000000000026dc       0x20 c:/mounriver/mounriver_studio2/resources/app/resources/win32/components/wch/toolchain/risc-v embedded gcc/bin/../lib/gcc/riscv-none-embed/8.2.0/../../../../riscv-none-embed/lib/rv32imacxw/ilp32\libnosys.a(close.o)
 .debug_frame   0x00000000000026fc       0x20 c:/mounriver/mounriver_studio2/resources/app/resources/win32/components/wch/toolchain/risc-v embedded gcc/bin/../lib/gcc/riscv-none-embed/8.2.0/../../../../riscv-none-embed/lib/rv32imacxw/ilp32\libnosys.a(fstat.o)
 .debug_frame   0x000000000000271c       0x20 c:/mounriver/mounriver_studio2/resources/app/resources/win32/components/wch/toolchain/risc-v embedded gcc/bin/../lib/gcc/riscv-none-embed/8.2.0/../../../../riscv-none-embed/lib/rv32imacxw/ilp32\libnosys.a(isatty.o)
 .debug_frame   0x000000000000273c       0x20 c:/mounriver/mounriver_studio2/resources/app/resources/win32/components/wch/toolchain/risc-v embedded gcc/bin/../lib/gcc/riscv-none-embed/8.2.0/../../../../riscv-none-embed/lib/rv32imacxw/ilp32\libnosys.a(lseek.o)
 .debug_frame   0x000000000000275c       0x20 c:/mounriver/mounriver_studio2/resources/app/resources/win32/components/wch/toolchain/risc-v embedded gcc/bin/../lib/gcc/riscv-none-embed/8.2.0/../../../../riscv-none-embed/lib/rv32imacxw/ilp32\libnosys.a(read.o)

.stab           0x0000000000000000       0x84
 .stab          0x0000000000000000       0x24 c:/mounriver/mounriver_studio2/resources/app/resources/win32/components/wch/toolchain/risc-v embedded gcc/bin/../lib/gcc/riscv-none-embed/8.2.0/../../../../riscv-none-embed/lib/rv32imacxw/ilp32\libnosys.a(close.o)
 .stab          0x0000000000000024       0x18 c:/mounriver/mounriver_studio2/resources/app/resources/win32/components/wch/toolchain/risc-v embedded gcc/bin/../lib/gcc/riscv-none-embed/8.2.0/../../../../riscv-none-embed/lib/rv32imacxw/ilp32\libnosys.a(fstat.o)
                                         0x24 (size before relaxing)
 .stab          0x000000000000003c       0x18 c:/mounriver/mounriver_studio2/resources/app/resources/win32/components/wch/toolchain/risc-v embedded gcc/bin/../lib/gcc/riscv-none-embed/8.2.0/../../../../riscv-none-embed/lib/rv32imacxw/ilp32\libnosys.a(isatty.o)
                                         0x24 (size before relaxing)
 .stab          0x0000000000000054       0x18 c:/mounriver/mounriver_studio2/resources/app/resources/win32/components/wch/toolchain/risc-v embedded gcc/bin/../lib/gcc/riscv-none-embed/8.2.0/../../../../riscv-none-embed/lib/rv32imacxw/ilp32\libnosys.a(lseek.o)
                                         0x24 (size before relaxing)
 .stab          0x000000000000006c       0x18 c:/mounriver/mounriver_studio2/resources/app/resources/win32/components/wch/toolchain/risc-v embedded gcc/bin/../lib/gcc/riscv-none-embed/8.2.0/../../../../riscv-none-embed/lib/rv32imacxw/ilp32\libnosys.a(read.o)
                                         0x24 (size before relaxing)

.stabstr        0x0000000000000000      0x117
 .stabstr       0x0000000000000000      0x117 c:/mounriver/mounriver_studio2/resources/app/resources/win32/components/wch/toolchain/risc-v embedded gcc/bin/../lib/gcc/riscv-none-embed/8.2.0/../../../../riscv-none-embed/lib/rv32imacxw/ilp32\libnosys.a(close.o)
